#
# There is insufficient memory for the Java Runtime Environment to continue.
# Native memory allocation (malloc) failed to allocate 1055136 bytes. Error detail: Chunk::new
# Possible reasons:
#   The system is out of physical RAM or swap space
#   This process is running with CompressedOops enabled, and the Java Heap may be blocking the growth of the native heap
# Possible solutions:
#   Reduce memory load on the system
#   Increase physical memory or swap space
#   Check if swap backing store is full
#   Decrease Java heap size (-Xmx/-Xms)
#   Decrease number of Java threads
#   Decrease Java thread stack sizes (-Xss)
#   Set larger code cache with -XX:ReservedCodeCacheSize=
#   JVM is running with Unscaled Compressed Oops mode in which the Java heap is
#     placed in the first 4GB address space. The Java Heap base address is the
#     maximum limit for the native heap growth. Please use -XX:HeapBaseMinAddress
#     to set the Java Heap base and to place the Java Heap above 4GB virtual address.
# This output file may be truncated or incomplete.
#
#  Out of Memory Error (arena.cpp:168), pid=10244, tid=860
#
# JRE version: OpenJDK Runtime Environment Microsoft-11933218 (21.0.8+9) (build 21.0.8+9-LTS)
# Java VM: OpenJDK 64-Bit Server VM Microsoft-11933218 (21.0.8+9-LTS, mixed mode, sharing, tiered, compressed oops, compressed class ptrs, parallel gc, windows-amd64)
# No core dump will be written. Minidumps are not enabled by default on client versions of Windows
#

---------------  S U M M A R Y ------------

Command Line: --add-modules=ALL-SYSTEM --add-opens=java.base/java.util=ALL-UNNAMED --add-opens=java.base/java.lang=ALL-UNNAMED --add-opens=java.base/sun.nio.fs=ALL-UNNAMED -Declipse.application=org.eclipse.jdt.ls.core.id1 -Dosgi.bundles.defaultStartLevel=4 -Declipse.product=org.eclipse.jdt.ls.core.product -Djava.import.generatesMetadataFilesAtProjectRoot=false -DDetectVMInstallationsJob.disabled=true -Dfile.encoding=utf8 -XX:+UseParallelGC -XX:GCTimeRatio=4 -XX:AdaptiveSizePolicyWeight=90 -Dsun.zip.disableMemoryMapping=true -Xmx2G -Xms100m -Xlog:disable -javaagent:c:\Users\USER\.vscode\extensions\redhat.java-1.49.0-win32-x64\lombok\lombok-1.18.39-4050.jar -XX:+HeapDumpOnOutOfMemoryError -XX:HeapDumpPath=c:\Users\USER\AppData\Roaming\Code\User\workspaceStorage\2632f9874b1e24146316af565cb1f3cb\redhat.java -Daether.dependencyCollector.impl=bf c:\Users\USER\.vscode\extensions\redhat.java-1.49.0-win32-x64\server\plugins\org.eclipse.equinox.launcher_1.7.100.v20251111-0406.jar -configuration c:\Users\USER\AppData\Roaming\Code\User\globalStorage\redhat.java\1.49.0\config_win -data c:\Users\USER\AppData\Roaming\Code\User\workspaceStorage\2632f9874b1e24146316af565cb1f3cb\redhat.java\jdt_ws --pipe=\\.\pipe\lsp-f32b67771be7a13541aee95ba580c6ac-sock

Host: 11th Gen Intel(R) Core(TM) i5-1135G7 @ 2.40GHz, 8 cores, 15G,  Windows 10 , 64 bit Build 19041 (10.0.19041.1202)
Time: Fri Nov 21 21:21:12 2025 elapsed time: 44.692471 seconds (0d 0h 0m 44s)

---------------  T H R E A D  ---------------

Current thread (0x0000028af3fd4c40):  JavaThread "C2 CompilerThread1" daemon [_thread_in_native, id=860, stack(0x000000ade9d00000,0x000000ade9e00000) (1024K)]


Current CompileTask:
C2:44692 12277 %     4       org.lombokweb.asm.SymbolTable::<init> @ 98 (554 bytes)

Stack: [0x000000ade9d00000,0x000000ade9e00000]
Native frames: (J=compiled Java code, j=interpreted, Vv=VM code, C=native code)
V  [jvm.dll+0x6e1729]
V  [jvm.dll+0x8bf47b]
V  [jvm.dll+0x8c19aa]
V  [jvm.dll+0x8c2083]
V  [jvm.dll+0x289fd6]
V  [jvm.dll+0xc903d]
V  [jvm.dll+0xc958c]
V  [jvm.dll+0x30113e]
V  [jvm.dll+0x608897]
V  [jvm.dll+0x25af97]
V  [jvm.dll+0x25b36d]
V  [jvm.dll+0x253c69]
V  [jvm.dll+0x251171]
V  [jvm.dll+0x1d18bf]
V  [jvm.dll+0x260f4a]
V  [jvm.dll+0x25f2b5]
V  [jvm.dll+0x40151d]
V  [jvm.dll+0x86975d]
V  [jvm.dll+0x6dff2d]
C  [ucrtbase.dll+0x21bb2]
C  [KERNEL32.DLL+0x17034]
C  [ntdll.dll+0x52651]


---------------  P R O C E S S  ---------------

Threads class SMR info:
_java_thread_list=0x0000028af311d870, length=61, elements={
0x0000028acfadb480, 0x0000028acfa4a140, 0x0000028acfa4b9a0, 0x0000028acfa4d560,
0x0000028acfa4e620, 0x0000028acfa50bd0, 0x0000028acfa54050, 0x0000028acfa578b0,
0x0000028acfa6ea90, 0x0000028acfa518f0, 0x0000028acfa51f80, 0x0000028acfa539c0,
0x0000028acfa51260, 0x0000028acfa53330, 0x0000028acfa52610, 0x0000028acfa52ca0,
0x0000028af229ef20, 0x0000028af229ad80, 0x0000028af229c130, 0x0000028af22a0960,
0x0000028af229d4e0, 0x0000028af229db70, 0x0000028af229a060, 0x0000028af22a0ff0,
0x0000028af229e200, 0x0000028af229e890, 0x0000028af229f5b0, 0x0000028af22a1680,
0x0000028af229c7c0, 0x0000028af229a6f0, 0x0000028af229fc40, 0x0000028af229ce50,
0x0000028af22a02d0, 0x0000028af229b410, 0x0000028af229baa0, 0x0000028af690c610,
0x0000028af690cca0, 0x0000028af6909190, 0x0000028af690b8f0, 0x0000028af690e050,
0x0000028af6908470, 0x0000028af690a540, 0x0000028af6907de0, 0x0000028af4959290,
0x0000028af495cda0, 0x0000028af495d430, 0x0000028af495dac0, 0x0000028af4959920,
0x0000028af4959fb0, 0x0000028af495b9f0, 0x0000028af495c080, 0x0000028af49571c0,
0x0000028af495a640, 0x0000028af4957ee0, 0x0000028af4958c00, 0x0000028af495acd0,
0x0000028af6908b00, 0x0000028af5f9c710, 0x0000028af5f9c080, 0x0000028af5f9ee70,
0x0000028af3fd4c40
}

Java Threads: ( => current thread )
  0x0000028acfadb480 JavaThread "main"                              [_thread_blocked, id=11204, stack(0x000000ade5800000,0x000000ade5900000) (1024K)]
  0x0000028acfa4a140 JavaThread "Reference Handler"          daemon [_thread_blocked, id=9136, stack(0x000000ade5c00000,0x000000ade5d00000) (1024K)]
  0x0000028acfa4b9a0 JavaThread "Finalizer"                  daemon [_thread_blocked, id=8948, stack(0x000000ade5d00000,0x000000ade5e00000) (1024K)]
  0x0000028acfa4d560 JavaThread "Signal Dispatcher"          daemon [_thread_blocked, id=11500, stack(0x000000ade5e00000,0x000000ade5f00000) (1024K)]
  0x0000028acfa4e620 JavaThread "Attach Listener"            daemon [_thread_blocked, id=8368, stack(0x000000ade5f00000,0x000000ade6000000) (1024K)]
  0x0000028acfa50bd0 JavaThread "Service Thread"             daemon [_thread_blocked, id=14832, stack(0x000000ade6000000,0x000000ade6100000) (1024K)]
  0x0000028acfa54050 JavaThread "Monitor Deflation Thread"   daemon [_thread_blocked, id=6028, stack(0x000000ade6100000,0x000000ade6200000) (1024K)]
  0x0000028acfa578b0 JavaThread "C2 CompilerThread0"         daemon [_thread_in_native, id=9552, stack(0x000000ade6200000,0x000000ade6300000) (1024K)]
  0x0000028acfa6ea90 JavaThread "C1 CompilerThread0"         daemon [_thread_in_native, id=1880, stack(0x000000ade6300000,0x000000ade6400000) (1024K)]
  0x0000028acfa518f0 JavaThread "Common-Cleaner"             daemon [_thread_blocked, id=16552, stack(0x000000ade6400000,0x000000ade6500000) (1024K)]
  0x0000028acfa51f80 JavaThread "Notification Thread"        daemon [_thread_blocked, id=10920, stack(0x000000ade6600000,0x000000ade6700000) (1024K)]
  0x0000028acfa539c0 JavaThread "Active Thread: Equinox Container: d411d2b9-7ebd-4704-b9c1-84bb39244e41"        [_thread_blocked, id=16852, stack(0x000000ade6e00000,0x000000ade6f00000) (1024K)]
  0x0000028acfa51260 JavaThread "Refresh Thread: Equinox Container: d411d2b9-7ebd-4704-b9c1-84bb39244e41" daemon [_thread_blocked, id=5952, stack(0x000000ade6700000,0x000000ade6800000) (1024K)]
  0x0000028acfa53330 JavaThread "Framework Event Dispatcher: Equinox Container: d411d2b9-7ebd-4704-b9c1-84bb39244e41" daemon [_thread_blocked, id=7864, stack(0x000000ade6f00000,0x000000ade7000000) (1024K)]
  0x0000028acfa52610 JavaThread "Start Level: Equinox Container: d411d2b9-7ebd-4704-b9c1-84bb39244e41" daemon [_thread_blocked, id=8396, stack(0x000000ade7000000,0x000000ade7100000) (1024K)]
  0x0000028acfa52ca0 JavaThread "Bundle File Closer"         daemon [_thread_blocked, id=5932, stack(0x000000ade7200000,0x000000ade7300000) (1024K)]
  0x0000028af229ef20 JavaThread "SCR Component Actor"        daemon [_thread_blocked, id=9224, stack(0x000000ade7100000,0x000000ade7200000) (1024K)]
  0x0000028af229ad80 JavaThread "Worker-JM"                         [_thread_blocked, id=13504, stack(0x000000ade7500000,0x000000ade7600000) (1024K)]
  0x0000028af229c130 JavaThread "Worker-0: Initialize Workspace"        [_thread_blocked, id=13232, stack(0x000000ade7600000,0x000000ade7700000) (1024K)]
  0x0000028af22a0960 JavaThread "Worker-1"                          [_thread_blocked, id=6220, stack(0x000000ade7700000,0x000000ade7800000) (1024K)]
  0x0000028af229d4e0 JavaThread "Java indexing"              daemon [_thread_in_Java, id=10232, stack(0x000000ade7800000,0x000000ade7900000) (1024K)]
  0x0000028af229db70 JavaThread "Worker-2: Initialize workspace"        [_thread_blocked, id=9704, stack(0x000000ade7900000,0x000000ade7a00000) (1024K)]
  0x0000028af229a060 JavaThread "Worker-3: Building"                [_thread_blocked, id=2932, stack(0x000000ade7a00000,0x000000ade7b00000) (1024K)]
  0x0000028af22a0ff0 JavaThread "JNA Cleaner"                daemon [_thread_blocked, id=2988, stack(0x000000ade7b00000,0x000000ade7c00000) (1024K)]
  0x0000028af229e200 JavaThread "Worker-4: Java indexing... "        [_thread_blocked, id=3772, stack(0x000000ade7c00000,0x000000ade7d00000) (1024K)]
  0x0000028af229e890 JavaThread "Worker-5: Publish Diagnostics"        [_thread_in_Java, id=7268, stack(0x000000ade7d00000,0x000000ade7e00000) (1024K)]
  0x0000028af229f5b0 JavaThread "Thread-1"                   daemon [_thread_in_native, id=7660, stack(0x000000ade7e00000,0x000000ade7f00000) (1024K)]
  0x0000028af22a1680 JavaThread "Thread-2"                   daemon [_thread_in_native, id=3544, stack(0x000000ade7f00000,0x000000ade8000000) (1024K)]
  0x0000028af229c7c0 JavaThread "Thread-3"                   daemon [_thread_in_native, id=7848, stack(0x000000ade8000000,0x000000ade8100000) (1024K)]
  0x0000028af229a6f0 JavaThread "Thread-4"                   daemon [_thread_in_native, id=9132, stack(0x000000ade8100000,0x000000ade8200000) (1024K)]
  0x0000028af229fc40 JavaThread "Thread-5"                   daemon [_thread_in_native, id=13916, stack(0x000000ade8200000,0x000000ade8300000) (1024K)]
  0x0000028af229ce50 JavaThread "Thread-6"                   daemon [_thread_in_native, id=3568, stack(0x000000ade8300000,0x000000ade8400000) (1024K)]
  0x0000028af22a02d0 JavaThread "Thread-7"                   daemon [_thread_in_native, id=10036, stack(0x000000ade8400000,0x000000ade8500000) (1024K)]
  0x0000028af229b410 JavaThread "Thread-8"                   daemon [_thread_in_native, id=10208, stack(0x000000ade8500000,0x000000ade8600000) (1024K)]
  0x0000028af229baa0 JavaThread "Thread-9"                   daemon [_thread_in_native, id=10544, stack(0x000000ade8600000,0x000000ade8700000) (1024K)]
  0x0000028af690c610 JavaThread "pool-2-thread-1"                   [_thread_blocked, id=14608, stack(0x000000ade8700000,0x000000ade8800000) (1024K)]
  0x0000028af690cca0 JavaThread "WorkspaceEventsHandler"            [_thread_blocked, id=13980, stack(0x000000ade8800000,0x000000ade8900000) (1024K)]
  0x0000028af6909190 JavaThread "pool-1-thread-1"                   [_thread_blocked, id=1596, stack(0x000000ade8900000,0x000000ade8a00000) (1024K)]
  0x0000028af690b8f0 JavaThread "LocalFile Deleter"          daemon [_thread_blocked, id=10808, stack(0x000000ade7300000,0x000000ade7400000) (1024K)]
  0x0000028af690e050 JavaThread "LocalFile Deleter"          daemon [_thread_blocked, id=2912, stack(0x000000ade7400000,0x000000ade7500000) (1024K)]
  0x0000028af6908470 JavaThread "LocalFile Deleter"          daemon [_thread_blocked, id=16416, stack(0x000000ade8b00000,0x000000ade8c00000) (1024K)]
  0x0000028af690a540 JavaThread "LocalFile Deleter"          daemon [_thread_blocked, id=3000, stack(0x000000ade8c00000,0x000000ade8d00000) (1024K)]
  0x0000028af6907de0 JavaThread "LocalFile Deleter"          daemon [_thread_blocked, id=3208, stack(0x000000ade8d00000,0x000000ade8e00000) (1024K)]
  0x0000028af4959290 JavaThread "LocalFile Deleter"          daemon [_thread_blocked, id=6796, stack(0x000000ade8e00000,0x000000ade8f00000) (1024K)]
  0x0000028af495cda0 JavaThread "LocalFile Deleter"          daemon [_thread_blocked, id=9816, stack(0x000000ade8f00000,0x000000ade9000000) (1024K)]
  0x0000028af495d430 JavaThread "LocalFile Deleter"          daemon [_thread_blocked, id=11680, stack(0x000000ade9000000,0x000000ade9100000) (1024K)]
  0x0000028af495dac0 JavaThread "Compiler Source File Reader" daemon [_thread_blocked, id=11068, stack(0x000000ade9100000,0x000000ade9200000) (1024K)]
  0x0000028af4959920 JavaThread "Compiler Source File Reader" daemon [_thread_blocked, id=8232, stack(0x000000ade9200000,0x000000ade9300000) (1024K)]
  0x0000028af4959fb0 JavaThread "Compiler Source File Reader" daemon [_thread_blocked, id=13720, stack(0x000000ade9300000,0x000000ade9400000) (1024K)]
  0x0000028af495b9f0 JavaThread "Compiler Source File Reader" daemon [_thread_blocked, id=15532, stack(0x000000ade9400000,0x000000ade9500000) (1024K)]
  0x0000028af495c080 JavaThread "Compiler Source File Reader" daemon [_thread_blocked, id=15996, stack(0x000000ade9500000,0x000000ade9600000) (1024K)]
  0x0000028af49571c0 JavaThread "Compiler Source File Reader" daemon [_thread_blocked, id=1408, stack(0x000000ade9600000,0x000000ade9700000) (1024K)]
  0x0000028af495a640 JavaThread "ForkJoinPool.commonPool-worker-1" daemon [_thread_in_Java, id=3080, stack(0x000000ade9700000,0x000000ade9800000) (1024K)]
  0x0000028af4957ee0 JavaThread "Compiler Processing Task"   daemon [_thread_in_Java, id=5984, stack(0x000000ade9900000,0x000000ade9a00000) (1024K)]
  0x0000028af4958c00 JavaThread "Compiler Class File Writer" daemon [_thread_blocked, id=3584, stack(0x000000ade9800000,0x000000ade9900000) (1024K)]
  0x0000028af495acd0 JavaThread "Compiler Class File Writer" daemon [_thread_blocked, id=4108, stack(0x000000ade9a00000,0x000000ade9b00000) (1024K)]
  0x0000028af6908b00 JavaThread "Compiler Class File Writer" daemon [_thread_blocked, id=15876, stack(0x000000ade9b00000,0x000000ade9c00000) (1024K)]
  0x0000028af5f9c710 JavaThread "Compiler Class File Writer" daemon [_thread_blocked, id=16576, stack(0x000000ade9c00000,0x000000ade9d00000) (1024K)]
  0x0000028af5f9c080 JavaThread "Compiler Class File Writer" daemon [_thread_blocked, id=6388, stack(0x000000ade5500000,0x000000ade5600000) (1024K)]
  0x0000028af5f9ee70 JavaThread "Compiler Class File Writer" daemon [_thread_blocked, id=1600, stack(0x000000ade9f00000,0x000000adea000000) (1024K)]
=>0x0000028af3fd4c40 JavaThread "C2 CompilerThread1"         daemon [_thread_in_native, id=860, stack(0x000000ade9d00000,0x000000ade9e00000) (1024K)]
Total: 61

Other Threads:
  0x0000028acfbaebe0 VMThread "VM Thread"                           [id=8236, stack(0x000000ade5b00000,0x000000ade5c00000) (1024K)]
  0x0000028acf921920 WatcherThread "VM Periodic Task Thread"        [id=12620, stack(0x000000ade5a00000,0x000000ade5b00000) (1024K)]
  0x0000028acfaf8da0 WorkerThread "GC Thread#0"                     [id=16408, stack(0x000000ade5900000,0x000000ade5a00000) (1024K)]
  0x0000028af20c2950 WorkerThread "GC Thread#1"                     [id=10800, stack(0x000000ade6800000,0x000000ade6900000) (1024K)]
  0x0000028af20c2cf0 WorkerThread "GC Thread#2"                     [id=15732, stack(0x000000ade6900000,0x000000ade6a00000) (1024K)]
  0x0000028af20c3430 WorkerThread "GC Thread#3"                     [id=1620, stack(0x000000ade6a00000,0x000000ade6b00000) (1024K)]
  0x0000028af20c2210 WorkerThread "GC Thread#4"                     [id=14828, stack(0x000000ade6b00000,0x000000ade6c00000) (1024K)]
  0x0000028af20c3090 WorkerThread "GC Thread#5"                     [id=7064, stack(0x000000ade6c00000,0x000000ade6d00000) (1024K)]
  0x0000028af20c37d0 WorkerThread "GC Thread#6"                     [id=14652, stack(0x000000ade6d00000,0x000000ade6e00000) (1024K)]
  0x0000028aed40e660 WorkerThread "GC Thread#7"                     [id=3940, stack(0x000000ade6500000,0x000000ade6600000) (1024K)]
Total: 10

Threads with active compile tasks:
C2 CompilerThread0  44722 12295       4       org.eclipse.jdt.internal.core.search.indexing.BinaryIndexer::extractReferenceFromConstantPool (358 bytes)
C1 CompilerThread0  44722 12311       3       org.lombokweb.asm.ClassReader::readCode (5117 bytes)
C2 CompilerThread1  44722 12277 %     4       org.lombokweb.asm.SymbolTable::<init> @ 98 (554 bytes)
Total: 3

VM state: not at safepoint (normal execution)

VM Mutex/Monitor currently owned by a thread: None

Heap address: 0x0000000080000000, size: 2048 MB, Compressed Oops mode: 32-bit

CDS archive(s) mapped at: [0x0000028a80000000-0x0000028a80c80000-0x0000028a80c80000), size 13107200, SharedBaseAddress: 0x0000028a80000000, ArchiveRelocationMode: 1.
Compressed class space mapped at: 0x0000028a81000000-0x0000028ac1000000, reserved size: 1073741824
Narrow klass base: 0x0000028a80000000, Narrow klass shift: 0, Narrow klass range: 0x100000000

GC Precious Log:
 CardTable entry size: 512
 CPUs: 8 total, 8 available
 Memory: 16163M
 Large Page Support: Disabled
 NUMA Support: Disabled
 Compressed Oops: Enabled (32-bit)
 Alignments: Space 512K, Generation 512K, Heap 2M
 Heap Min Capacity: 100M
 Heap Initial Capacity: 100M
 Heap Max Capacity: 2G
 Pre-touch: Disabled
 Parallel Workers: 8

Heap:
 PSYoungGen      total 10752K, used 8653K [0x00000000d5580000, 0x00000000d6180000, 0x0000000100000000)
  eden space 9216K, 83% used [0x00000000d5580000,0x00000000d5cf8de0,0x00000000d5e80000)
  from space 1536K, 65% used [0x00000000d6000000,0x00000000d60fa978,0x00000000d6180000)
  to   space 1536K, 0% used [0x00000000d5e80000,0x00000000d5e80000,0x00000000d6000000)
 ParOldGen       total 109568K, used 94848K [0x0000000080000000, 0x0000000086b00000, 0x00000000d5580000)
  object space 109568K, 86% used [0x0000000080000000,0x0000000085ca0298,0x0000000086b00000)
 Metaspace       used 69628K, committed 71104K, reserved 1114112K
  class space    used 7379K, committed 8064K, reserved 1048576K

Card table byte_map: [0x0000028acf490000,0x0000028acf8a0000] _byte_map_base: 0x0000028acf090000

Marking Bits: (ParMarkBitMap*) 0x00007ff8fc93f6c0
 Begin Bits: [0x0000028ae74a0000, 0x0000028ae94a0000)
 End Bits:   [0x0000028ae94a0000, 0x0000028aeb4a0000)

Polling page: 0x0000028acdaa0000

Metaspace:

Usage:
  Non-class:     60.79 MB used.
      Class:      7.21 MB used.
       Both:     68.00 MB used.

Virtual space:
  Non-class space:       64.00 MB reserved,      61.56 MB ( 96%) committed,  1 nodes.
      Class space:        1.00 GB reserved,       7.88 MB ( <1%) committed,  1 nodes.
             Both:        1.06 GB reserved,      69.44 MB (  6%) committed. 

Chunk freelists:
   Non-Class:  2.39 MB
       Class:  8.19 MB
        Both:  10.58 MB

MaxMetaspaceSize: unlimited
CompressedClassSpaceSize: 1.00 GB
Initial GC threshold: 21.00 MB
Current GC threshold: 115.75 MB
CDS: on
 - commit_granule_bytes: 65536.
 - commit_granule_words: 8192.
 - virtual_space_node_default_size: 8388608.
 - enlarge_chunks_in_place: 1.
 - use_allocation_guard: 0.


Internal statistics:

num_allocs_failed_limit: 15.
num_arena_births: 1210.
num_arena_deaths: 40.
num_vsnodes_births: 2.
num_vsnodes_deaths: 0.
num_space_committed: 1111.
num_space_uncommitted: 0.
num_chunks_returned_to_freelist: 64.
num_chunks_taken_from_freelist: 4336.
num_chunk_merges: 14.
num_chunk_splits: 2611.
num_chunks_enlarged: 1467.
num_inconsistent_stats: 0.

CodeHeap 'non-profiled nmethods': size=120000Kb used=7468Kb max_used=8197Kb free=112531Kb
 bounds [0x0000028adfcc0000, 0x0000028ae04d0000, 0x0000028ae71f0000]
CodeHeap 'profiled nmethods': size=120000Kb used=22629Kb max_used=26005Kb free=97371Kb
 bounds [0x0000028ad81f0000, 0x0000028ad9b60000, 0x0000028adf720000]
CodeHeap 'non-nmethods': size=5760Kb used=1493Kb max_used=1541Kb free=4267Kb
 bounds [0x0000028adf720000, 0x0000028adf990000, 0x0000028adfcc0000]
CodeCache: size=245760Kb, used=31590Kb, max_used=35743Kb, free=214169Kb
 total_blobs=11272, nmethods=10471, adapters=706, full_count=0
Compilation: enabled, stopped_count=0, restarted_count=0

Compilation events (20 events):
Event: 44.455 Thread 0x0000028acfa6ea90 12290       3       lombok.patcher.scripts.WrapMethodCallScript$WrapMethodCall::visitMethodInsn (310 bytes)
Event: 44.459 Thread 0x0000028acfa6ea90 nmethod 12290 0x0000028ad9b4eb90 code [0x0000028ad9b4efe0, 0x0000028ad9b509b8]
Event: 44.459 Thread 0x0000028acfa6ea90 12292       3       lombok.patcher.MethodTarget::descriptorMatch (119 bytes)
Event: 44.460 Thread 0x0000028acfa6ea90 nmethod 12292 0x0000028ad9b51490 code [0x0000028ad9b51760, 0x0000028ad9b52578]
Event: 44.460 Thread 0x0000028acfa6ea90 12293       3       java.util.regex.IntHashSet::add (111 bytes)
Event: 44.461 Thread 0x0000028acfa6ea90 nmethod 12293 0x0000028ad9b52890 code [0x0000028ad9b52a60, 0x0000028ad9b52dc8]
Event: 44.461 Thread 0x0000028acfa6ea90 12291       3       lombok.patcher.MethodTarget::classMatches (9 bytes)
Event: 44.462 Thread 0x0000028acfa6ea90 nmethod 12291 0x0000028ad9b53010 code [0x0000028ad9b531e0, 0x0000028ad9b533f0]
Event: 44.484 Thread 0x0000028acfa6ea90 12296       3       org.eclipse.jdt.internal.core.AbstractClassFile::getElementName (10 bytes)
Event: 44.486 Thread 0x0000028acfa6ea90 nmethod 12296 0x0000028ad9b53510 code [0x0000028ad9b537e0, 0x0000028ad9b54560]
Event: 44.500 Thread 0x0000028acfa6ea90 12297       3       org.eclipse.jdt.internal.core.JarPackageFragmentRootInfo::<init> (5 bytes)
Event: 44.501 Thread 0x0000028acfa6ea90 nmethod 12297 0x0000028ad9b54a90 code [0x0000028ad9b54c40, 0x0000028ad9b54f20]
Event: 44.501 Thread 0x0000028acfa6ea90 12298       3       org.eclipse.jdt.internal.core.PackageFragmentRootInfo::<init> (25 bytes)
Event: 44.501 Thread 0x0000028acfa6ea90 nmethod 12298 0x0000028ad9b55090 code [0x0000028ad9b55240, 0x0000028ad9b554c8]
Event: 44.514 Thread 0x0000028acfa578b0 nmethod 12276 0x0000028ae04bc810 code [0x0000028ae04bcc80, 0x0000028ae04bf798]
Event: 44.515 Thread 0x0000028acfa578b0 12295       4       org.eclipse.jdt.internal.core.search.indexing.BinaryIndexer::extractReferenceFromConstantPool (358 bytes)
Event: 44.685 Thread 0x0000028acfa6ea90 12299       3       org.lombokweb.asm.SymbolTable::addConstantMethodHandle (51 bytes)
Event: 44.685 Thread 0x0000028acfa6ea90 nmethod 12299 0x0000028ad8288390 code [0x0000028ad82885a0, 0x0000028ad8288a10]
Event: 44.685 Thread 0x0000028acfa6ea90 12300       3       org.lombokweb.asm.Type::getMethodType (16 bytes)
Event: 44.686 Thread 0x0000028acfa6ea90 nmethod 12300 0x0000028ad82e4790 code [0x0000028ad82e4960, 0x0000028ad82e4c90]

GC Heap History (20 events):
Event: 44.191 GC heap before
{Heap before GC invocations=105 (full 3):
 PSYoungGen      total 10240K, used 9792K [0x00000000d5580000, 0x00000000d6080000, 0x0000000100000000)
  eden space 9216K, 100% used [0x00000000d5580000,0x00000000d5e80000,0x00000000d5e80000)
  from space 1024K, 56% used [0x00000000d5e80000,0x00000000d5f10000,0x00000000d5f80000)
  to   space 1024K, 0% used [0x00000000d5f80000,0x00000000d5f80000,0x00000000d6080000)
 ParOldGen       total 103424K, used 103309K [0x0000000080000000, 0x0000000086500000, 0x00000000d5580000)
  object space 103424K, 99% used [0x0000000080000000,0x00000000864e37f8,0x0000000086500000)
 Metaspace       used 69591K, committed 71040K, reserved 1114112K
  class space    used 7377K, committed 8000K, reserved 1048576K
}
Event: 44.197 GC heap after
{Heap after GC invocations=105 (full 3):
 PSYoungGen      total 9728K, used 384K [0x00000000d5580000, 0x00000000d6000000, 0x0000000100000000)
  eden space 9216K, 0% used [0x00000000d5580000,0x00000000d5580000,0x00000000d5e80000)
  from space 512K, 75% used [0x00000000d5f80000,0x00000000d5fe0000,0x00000000d6000000)
  to   space 512K, 0% used [0x00000000d5f00000,0x00000000d5f00000,0x00000000d5f80000)
 ParOldGen       total 103936K, used 103739K [0x0000000080000000, 0x0000000086580000, 0x00000000d5580000)
  object space 103936K, 99% used [0x0000000080000000,0x000000008654ec18,0x0000000086580000)
 Metaspace       used 69591K, committed 71040K, reserved 1114112K
  class space    used 7377K, committed 8000K, reserved 1048576K
}
Event: 44.238 GC heap before
{Heap before GC invocations=106 (full 3):
 PSYoungGen      total 9728K, used 9600K [0x00000000d5580000, 0x00000000d6000000, 0x0000000100000000)
  eden space 9216K, 100% used [0x00000000d5580000,0x00000000d5e80000,0x00000000d5e80000)
  from space 512K, 75% used [0x00000000d5f80000,0x00000000d5fe0000,0x00000000d6000000)
  to   space 512K, 0% used [0x00000000d5f00000,0x00000000d5f00000,0x00000000d5f80000)
 ParOldGen       total 103936K, used 103739K [0x0000000080000000, 0x0000000086580000, 0x00000000d5580000)
  object space 103936K, 99% used [0x0000000080000000,0x000000008654ec18,0x0000000086580000)
 Metaspace       used 69602K, committed 71104K, reserved 1114112K
  class space    used 7379K, committed 8064K, reserved 1048576K
}
Event: 44.240 GC heap after
{Heap after GC invocations=106 (full 3):
 PSYoungGen      total 9728K, used 493K [0x00000000d5580000, 0x00000000d6380000, 0x0000000100000000)
  eden space 9216K, 0% used [0x00000000d5580000,0x00000000d5580000,0x00000000d5e80000)
  from space 512K, 96% used [0x00000000d5f00000,0x00000000d5f7b6f0,0x00000000d5f80000)
  to   space 2560K, 0% used [0x00000000d6100000,0x00000000d6100000,0x00000000d6380000)
 ParOldGen       total 105472K, used 105248K [0x0000000080000000, 0x0000000086700000, 0x00000000d5580000)
  object space 105472K, 99% used [0x0000000080000000,0x00000000866c8240,0x0000000086700000)
 Metaspace       used 69602K, committed 71104K, reserved 1114112K
  class space    used 7379K, committed 8064K, reserved 1048576K
}
Event: 44.279 GC heap before
{Heap before GC invocations=107 (full 3):
 PSYoungGen      total 9728K, used 9709K [0x00000000d5580000, 0x00000000d6380000, 0x0000000100000000)
  eden space 9216K, 100% used [0x00000000d5580000,0x00000000d5e80000,0x00000000d5e80000)
  from space 512K, 96% used [0x00000000d5f00000,0x00000000d5f7b6f0,0x00000000d5f80000)
  to   space 2560K, 0% used [0x00000000d6100000,0x00000000d6100000,0x00000000d6380000)
 ParOldGen       total 105472K, used 105248K [0x0000000080000000, 0x0000000086700000, 0x00000000d5580000)
  object space 105472K, 99% used [0x0000000080000000,0x00000000866c8240,0x0000000086700000)
 Metaspace       used 69602K, committed 71104K, reserved 1114112K
  class space    used 7379K, committed 8064K, reserved 1048576K
}
Event: 44.281 GC heap after
{Heap after GC invocations=107 (full 3):
 PSYoungGen      total 10240K, used 868K [0x00000000d5580000, 0x00000000d6200000, 0x0000000100000000)
  eden space 9216K, 0% used [0x00000000d5580000,0x00000000d5580000,0x00000000d5e80000)
  from space 1024K, 84% used [0x00000000d6100000,0x00000000d61d9228,0x00000000d6200000)
  to   space 1536K, 0% used [0x00000000d5f00000,0x00000000d5f00000,0x00000000d6080000)
 ParOldGen       total 105984K, used 105950K [0x0000000080000000, 0x0000000086780000, 0x00000000d5580000)
  object space 105984K, 99% used [0x0000000080000000,0x00000000867779d8,0x0000000086780000)
 Metaspace       used 69602K, committed 71104K, reserved 1114112K
  class space    used 7379K, committed 8064K, reserved 1048576K
}
Event: 44.312 GC heap before
{Heap before GC invocations=108 (full 3):
 PSYoungGen      total 10240K, used 10084K [0x00000000d5580000, 0x00000000d6200000, 0x0000000100000000)
  eden space 9216K, 100% used [0x00000000d5580000,0x00000000d5e80000,0x00000000d5e80000)
  from space 1024K, 84% used [0x00000000d6100000,0x00000000d61d9228,0x00000000d6200000)
  to   space 1536K, 0% used [0x00000000d5f00000,0x00000000d5f00000,0x00000000d6080000)
 ParOldGen       total 105984K, used 105950K [0x0000000080000000, 0x0000000086780000, 0x00000000d5580000)
  object space 105984K, 99% used [0x0000000080000000,0x00000000867779d8,0x0000000086780000)
 Metaspace       used 69610K, committed 71104K, reserved 1114112K
  class space    used 7379K, committed 8064K, reserved 1048576K
}
Event: 44.314 GC heap after
{Heap after GC invocations=108 (full 3):
 PSYoungGen      total 10752K, used 1423K [0x00000000d5580000, 0x00000000d6180000, 0x0000000100000000)
  eden space 9216K, 0% used [0x00000000d5580000,0x00000000d5580000,0x00000000d5e80000)
  from space 1536K, 92% used [0x00000000d5f00000,0x00000000d6063fa8,0x00000000d6080000)
  to   space 1024K, 0% used [0x00000000d6080000,0x00000000d6080000,0x00000000d6180000)
 ParOldGen       total 106496K, used 106102K [0x0000000080000000, 0x0000000086800000, 0x00000000d5580000)
  object space 106496K, 99% used [0x0000000080000000,0x000000008679d9d8,0x0000000086800000)
 Metaspace       used 69610K, committed 71104K, reserved 1114112K
  class space    used 7379K, committed 8064K, reserved 1048576K
}
Event: 44.373 GC heap before
{Heap before GC invocations=109 (full 3):
 PSYoungGen      total 10752K, used 10607K [0x00000000d5580000, 0x00000000d6180000, 0x0000000100000000)
  eden space 9216K, 99% used [0x00000000d5580000,0x00000000d5e77f58,0x00000000d5e80000)
  from space 1536K, 92% used [0x00000000d5f00000,0x00000000d6063fa8,0x00000000d6080000)
  to   space 1024K, 0% used [0x00000000d6080000,0x00000000d6080000,0x00000000d6180000)
 ParOldGen       total 106496K, used 106102K [0x0000000080000000, 0x0000000086800000, 0x00000000d5580000)
  object space 106496K, 99% used [0x0000000080000000,0x000000008679d9d8,0x0000000086800000)
 Metaspace       used 69611K, committed 71104K, reserved 1114112K
  class space    used 7379K, committed 8064K, reserved 1048576K
}
Event: 44.374 GC heap after
{Heap after GC invocations=109 (full 3):
 PSYoungGen      total 10240K, used 876K [0x00000000d5580000, 0x00000000d6180000, 0x0000000100000000)
  eden space 9216K, 0% used [0x00000000d5580000,0x00000000d5580000,0x00000000d5e80000)
  from space 1024K, 85% used [0x00000000d6080000,0x00000000d615b218,0x00000000d6180000)
  to   space 1536K, 0% used [0x00000000d5e80000,0x00000000d5e80000,0x00000000d6000000)
 ParOldGen       total 106496K, used 106408K [0x0000000080000000, 0x0000000086800000, 0x00000000d5580000)
  object space 106496K, 99% used [0x0000000080000000,0x00000000867ea278,0x0000000086800000)
 Metaspace       used 69611K, committed 71104K, reserved 1114112K
  class space    used 7379K, committed 8064K, reserved 1048576K
}
Event: 44.404 GC heap before
{Heap before GC invocations=110 (full 3):
 PSYoungGen      total 10240K, used 10092K [0x00000000d5580000, 0x00000000d6180000, 0x0000000100000000)
  eden space 9216K, 100% used [0x00000000d5580000,0x00000000d5e80000,0x00000000d5e80000)
  from space 1024K, 85% used [0x00000000d6080000,0x00000000d615b218,0x00000000d6180000)
  to   space 1536K, 0% used [0x00000000d5e80000,0x00000000d5e80000,0x00000000d6000000)
 ParOldGen       total 106496K, used 106408K [0x0000000080000000, 0x0000000086800000, 0x00000000d5580000)
  object space 106496K, 99% used [0x0000000080000000,0x00000000867ea278,0x0000000086800000)
 Metaspace       used 69613K, committed 71104K, reserved 1114112K
  class space    used 7379K, committed 8064K, reserved 1048576K
}
Event: 44.407 GC heap after
{Heap after GC invocations=110 (full 3):
 PSYoungGen      total 10752K, used 1370K [0x00000000d5580000, 0x00000000d6180000, 0x0000000100000000)
  eden space 9216K, 0% used [0x00000000d5580000,0x00000000d5580000,0x00000000d5e80000)
  from space 1536K, 89% used [0x00000000d5e80000,0x00000000d5fd6b78,0x00000000d6000000)
  to   space 1536K, 0% used [0x00000000d6000000,0x00000000d6000000,0x00000000d6180000)
 ParOldGen       total 107008K, used 106850K [0x0000000080000000, 0x0000000086880000, 0x00000000d5580000)
  object space 107008K, 99% used [0x0000000080000000,0x0000000086858958,0x0000000086880000)
 Metaspace       used 69613K, committed 71104K, reserved 1114112K
  class space    used 7379K, committed 8064K, reserved 1048576K
}
Event: 44.439 GC heap before
{Heap before GC invocations=111 (full 3):
 PSYoungGen      total 10752K, used 10586K [0x00000000d5580000, 0x00000000d6180000, 0x0000000100000000)
  eden space 9216K, 100% used [0x00000000d5580000,0x00000000d5e80000,0x00000000d5e80000)
  from space 1536K, 89% used [0x00000000d5e80000,0x00000000d5fd6b78,0x00000000d6000000)
  to   space 1536K, 0% used [0x00000000d6000000,0x00000000d6000000,0x00000000d6180000)
 ParOldGen       total 107008K, used 106991K [0x0000000080000000, 0x0000000086880000, 0x00000000d5580000)
  object space 107008K, 99% used [0x0000000080000000,0x000000008687be58,0x0000000086880000)
 Metaspace       used 69613K, committed 71104K, reserved 1114112K
  class space    used 7379K, committed 8064K, reserved 1048576K
}
Event: 44.441 GC heap after
{Heap after GC invocations=111 (full 3):
 PSYoungGen      total 9728K, used 352K [0x00000000d5580000, 0x00000000d6080000, 0x0000000100000000)
  eden space 9216K, 0% used [0x00000000d5580000,0x00000000d5580000,0x00000000d5e80000)
  from space 512K, 68% used [0x00000000d6000000,0x00000000d6058010,0x00000000d6080000)
  to   space 1024K, 0% used [0x00000000d5e80000,0x00000000d5e80000,0x00000000d5f80000)
 ParOldGen       total 108544K, used 108173K [0x0000000080000000, 0x0000000086a00000, 0x00000000d5580000)
  object space 108544K, 99% used [0x0000000080000000,0x00000000869a3618,0x0000000086a00000)
 Metaspace       used 69613K, committed 71104K, reserved 1114112K
  class space    used 7379K, committed 8064K, reserved 1048576K
}
Event: 44.479 GC heap before
{Heap before GC invocations=112 (full 3):
 PSYoungGen      total 9728K, used 9568K [0x00000000d5580000, 0x00000000d6080000, 0x0000000100000000)
  eden space 9216K, 100% used [0x00000000d5580000,0x00000000d5e80000,0x00000000d5e80000)
  from space 512K, 68% used [0x00000000d6000000,0x00000000d6058010,0x00000000d6080000)
  to   space 1024K, 0% used [0x00000000d5e80000,0x00000000d5e80000,0x00000000d5f80000)
 ParOldGen       total 108544K, used 108176K [0x0000000080000000, 0x0000000086a00000, 0x00000000d5580000)
  object space 108544K, 99% used [0x0000000080000000,0x00000000869a43b8,0x0000000086a00000)
 Metaspace       used 69619K, committed 71104K, reserved 1114112K
  class space    used 7379K, committed 8064K, reserved 1048576K
}
Event: 44.482 GC heap after
{Heap after GC invocations=112 (full 3):
 PSYoungGen      total 10240K, used 1011K [0x00000000d5580000, 0x00000000d6280000, 0x0000000100000000)
  eden space 9216K, 0% used [0x00000000d5580000,0x00000000d5580000,0x00000000d5e80000)
  from space 1024K, 98% used [0x00000000d5e80000,0x00000000d5f7ce80,0x00000000d5f80000)
  to   space 2048K, 0% used [0x00000000d6080000,0x00000000d6080000,0x00000000d6280000)
 ParOldGen       total 109056K, used 108714K [0x0000000080000000, 0x0000000086a80000, 0x00000000d5580000)
  object space 109056K, 99% used [0x0000000080000000,0x0000000086a2a948,0x0000000086a80000)
 Metaspace       used 69619K, committed 71104K, reserved 1114112K
  class space    used 7379K, committed 8064K, reserved 1048576K
}
Event: 44.518 GC heap before
{Heap before GC invocations=113 (full 3):
 PSYoungGen      total 10240K, used 10227K [0x00000000d5580000, 0x00000000d6280000, 0x0000000100000000)
  eden space 9216K, 100% used [0x00000000d5580000,0x00000000d5e80000,0x00000000d5e80000)
  from space 1024K, 98% used [0x00000000d5e80000,0x00000000d5f7ce80,0x00000000d5f80000)
  to   space 2048K, 0% used [0x00000000d6080000,0x00000000d6080000,0x00000000d6280000)
 ParOldGen       total 109056K, used 108714K [0x0000000080000000, 0x0000000086a80000, 0x00000000d5580000)
  object space 109056K, 99% used [0x0000000080000000,0x0000000086a2a948,0x0000000086a80000)
 Metaspace       used 69619K, committed 71104K, reserved 1114112K
  class space    used 7379K, committed 8064K, reserved 1048576K
}
Event: 44.520 GC heap after
{Heap after GC invocations=113 (full 3):
 PSYoungGen      total 10240K, used 10227K [0x00000000d5580000, 0x00000000d6280000, 0x0000000100000000)
  eden space 9216K, 100% used [0x00000000d5580000,0x00000000d5e80000,0x00000000d5e80000)
  from space 1024K, 98% used [0x00000000d5e80000,0x00000000d5f7ce80,0x00000000d5f80000)
  to   space 2048K, 28% used [0x00000000d6080000,0x00000000d6110000,0x00000000d6280000)
 ParOldGen       total 109568K, used 109483K [0x0000000080000000, 0x0000000086b00000, 0x00000000d5580000)
  object space 109568K, 99% used [0x0000000080000000,0x0000000086aeac60,0x0000000086b00000)
 Metaspace       used 69619K, committed 71104K, reserved 1114112K
  class space    used 7379K, committed 8064K, reserved 1048576K
}
Event: 44.520 GC heap before
{Heap before GC invocations=114 (full 4):
 PSYoungGen      total 10240K, used 10227K [0x00000000d5580000, 0x00000000d6280000, 0x0000000100000000)
  eden space 9216K, 100% used [0x00000000d5580000,0x00000000d5e80000,0x00000000d5e80000)
  from space 1024K, 98% used [0x00000000d5e80000,0x00000000d5f7ce80,0x00000000d5f80000)
  to   space 2048K, 28% used [0x00000000d6080000,0x00000000d6110000,0x00000000d6280000)
 ParOldGen       total 109568K, used 109483K [0x0000000080000000, 0x0000000086b00000, 0x00000000d5580000)
  object space 109568K, 99% used [0x0000000080000000,0x0000000086aeac60,0x0000000086b00000)
 Metaspace       used 69619K, committed 71104K, reserved 1114112K
  class space    used 7379K, committed 8064K, reserved 1048576K
}
Event: 44.680 GC heap after
{Heap after GC invocations=114 (full 4):
 PSYoungGen      total 11264K, used 0K [0x00000000d5580000, 0x00000000d6280000, 0x0000000100000000)
  eden space 9216K, 0% used [0x00000000d5580000,0x00000000d5580000,0x00000000d5e80000)
  from space 2048K, 0% used [0x00000000d6080000,0x00000000d6080000,0x00000000d6280000)
  to   space 2048K, 0% used [0x00000000d5e80000,0x00000000d5e80000,0x00000000d6080000)
 ParOldGen       total 109568K, used 93574K [0x0000000080000000, 0x0000000086b00000, 0x00000000d5580000)
  object space 109568K, 85% used [0x0000000080000000,0x0000000085b61a40,0x0000000086b00000)
 Metaspace       used 69619K, committed 71104K, reserved 1114112K
  class space    used 7379K, committed 8064K, reserved 1048576K
}

Dll operation events (15 events):
Event: 0.008 Loaded shared library D:\ProgramFiles\JDK\jdk-21.0.8+9\bin\java.dll
Event: 0.095 Loaded shared library D:\ProgramFiles\JDK\jdk-21.0.8+9\bin\jsvml.dll
Event: 0.191 Loaded shared library D:\ProgramFiles\JDK\jdk-21.0.8+9\bin\zip.dll
Event: 0.199 Loaded shared library D:\ProgramFiles\JDK\jdk-21.0.8+9\bin\instrument.dll
Event: 0.205 Loaded shared library D:\ProgramFiles\JDK\jdk-21.0.8+9\bin\net.dll
Event: 0.209 Loaded shared library D:\ProgramFiles\JDK\jdk-21.0.8+9\bin\nio.dll
Event: 0.214 Loaded shared library D:\ProgramFiles\JDK\jdk-21.0.8+9\bin\zip.dll
Event: 0.263 Loaded shared library D:\ProgramFiles\JDK\jdk-21.0.8+9\bin\jimage.dll
Event: 0.424 Loaded shared library D:\ProgramFiles\JDK\jdk-21.0.8+9\bin\verify.dll
Event: 8.699 Loaded shared library C:\Users\USER\AppData\Roaming\Code\User\globalStorage\redhat.java\1.49.0\config_win\org.eclipse.equinox.launcher\org.eclipse.equinox.launcher.win32.win32.x86_64_1.2.1400.v20250801-0854\eclipse_11916.dll
Event: 23.226 Loaded shared library D:\ProgramFiles\JDK\jdk-21.0.8+9\bin\management.dll
Event: 23.229 Loaded shared library D:\ProgramFiles\JDK\jdk-21.0.8+9\bin\management_ext.dll
Event: 25.515 Loaded shared library C:\Users\USER\AppData\Local\Temp\jna-2614219\jna11701809372599665226.dll
Event: 25.867 Loaded shared library D:\ProgramFiles\JDK\jdk-21.0.8+9\bin\sunmscapi.dll
Event: 26.615 Loaded shared library D:\ProgramFiles\JDK\jdk-21.0.8+9\bin\extnet.dll

Deoptimization events (20 events):
Event: 43.900 Thread 0x0000028af4957ee0 Uncommon trap: trap_request=0xffffffd6 fr.pc=0x0000028ae0467d78 relative=0x0000000000000438
Event: 43.900 Thread 0x0000028af4957ee0 Uncommon trap: reason=array_check action=maybe_recompile pc=0x0000028ae0467d78 method=java.util.TimSort.reverseRange([Ljava/lang/Object;II)V @ 20 c2
Event: 43.900 Thread 0x0000028af4957ee0 DEOPT PACKING pc=0x0000028ae0467d78 sp=0x000000ade99fe500
Event: 43.900 Thread 0x0000028af4957ee0 DEOPT UNPACKING pc=0x0000028adf776da2 sp=0x000000ade99fe410 mode 2
Event: 44.056 Thread 0x0000028af229d4e0 Uncommon trap: trap_request=0xffffff45 fr.pc=0x0000028ae02acd4c relative=0x00000000000022ac
Event: 44.056 Thread 0x0000028af229d4e0 Uncommon trap: reason=unstable_if action=reinterpret pc=0x0000028ae02acd4c method=org.eclipse.jdt.internal.core.search.indexing.BinaryIndexer.extractArgCount([C[CZ)I @ 247 c2
Event: 44.056 Thread 0x0000028af229d4e0 DEOPT PACKING pc=0x0000028ae02acd4c sp=0x000000ade78fe7d0
Event: 44.056 Thread 0x0000028af229d4e0 DEOPT UNPACKING pc=0x0000028adf776da2 sp=0x000000ade78fe6d0 mode 2
Event: 44.056 Thread 0x0000028af229d4e0 Uncommon trap: trap_request=0xffffff45 fr.pc=0x0000028ae029ba20 relative=0x0000000000000540
Event: 44.056 Thread 0x0000028af229d4e0 Uncommon trap: reason=unstable_if action=reinterpret pc=0x0000028ae029ba20 method=org.eclipse.jdt.internal.core.search.indexing.BinaryIndexer.extractArgCount([C[CZ)I @ 247 c2
Event: 44.056 Thread 0x0000028af229d4e0 DEOPT PACKING pc=0x0000028ae029ba20 sp=0x000000ade78fe750
Event: 44.056 Thread 0x0000028af229d4e0 DEOPT UNPACKING pc=0x0000028adf776da2 sp=0x000000ade78fe6c8 mode 2
Event: 44.308 Thread 0x0000028af229d4e0 DEOPT PACKING pc=0x0000028ad9b383d3 sp=0x000000ade78fe720
Event: 44.308 Thread 0x0000028af229d4e0 DEOPT UNPACKING pc=0x0000028adf7778e2 sp=0x000000ade78fdc88 mode 0
Event: 44.450 Thread 0x0000028af4957ee0 DEOPT PACKING pc=0x0000028ad89401b3 sp=0x000000ade99fac20
Event: 44.450 Thread 0x0000028af4957ee0 DEOPT UNPACKING pc=0x0000028adf7778e2 sp=0x000000ade99fa150 mode 0
Event: 44.472 Thread 0x0000028af229d4e0 DEOPT PACKING pc=0x0000028ad9b383d3 sp=0x000000ade78fe720
Event: 44.472 Thread 0x0000028af229d4e0 DEOPT UNPACKING pc=0x0000028adf7778e2 sp=0x000000ade78fdc88 mode 0
Event: 44.474 Thread 0x0000028af4957ee0 DEOPT PACKING pc=0x0000028ad89401b3 sp=0x000000ade99fac20
Event: 44.474 Thread 0x0000028af4957ee0 DEOPT UNPACKING pc=0x0000028adf7778e2 sp=0x000000ade99fa150 mode 0

Classes loaded (20 events):
Event: 39.459 Loading class java/io/SequenceInputStream
Event: 39.460 Loading class java/io/SequenceInputStream done
Event: 39.504 Loading class java/util/concurrent/CompletableFuture$UniApply
Event: 39.505 Loading class java/util/concurrent/CompletableFuture$UniApply done
Event: 39.505 Loading class java/util/concurrent/CompletableFuture$UniExceptionally
Event: 39.506 Loading class java/util/concurrent/CompletableFuture$UniExceptionally done
Event: 39.872 Loading class java/util/stream/ReduceOps$4
Event: 39.873 Loading class java/util/stream/ReduceOps$4 done
Event: 39.873 Loading class java/util/stream/ReduceOps$4ReducingSink
Event: 39.873 Loading class java/util/stream/ReduceOps$4ReducingSink done
Event: 39.875 Loading class java/nio/file/Files$2
Event: 39.881 Loading class java/nio/file/Files$2 done
Event: 40.354 Loading class java/lang/UnsupportedClassVersionError
Event: 40.354 Loading class java/lang/UnsupportedClassVersionError done
Event: 41.138 Loading class jdk/internal/module/IllegalAccessLogger
Event: 41.138 Loading class jdk/internal/module/IllegalAccessLogger done
Event: 41.158 Loading class java/util/concurrent/ArrayBlockingQueue
Event: 41.159 Loading class java/util/concurrent/ArrayBlockingQueue done
Event: 43.406 Loading class java/util/concurrent/ConcurrentHashMap$KeySpliterator
Event: 43.406 Loading class java/util/concurrent/ConcurrentHashMap$KeySpliterator done

Classes unloaded (20 events):
Event: 24.087 Thread 0x0000028acfbaebe0 Unloading class 0x0000028a811a3c00 'java/lang/invoke/LambdaForm$MH+0x0000028a811a3c00'
Event: 24.087 Thread 0x0000028acfbaebe0 Unloading class 0x0000028a811a3800 'java/lang/invoke/LambdaForm$MH+0x0000028a811a3800'
Event: 24.087 Thread 0x0000028acfbaebe0 Unloading class 0x0000028a811a3400 'java/lang/invoke/LambdaForm$MH+0x0000028a811a3400'
Event: 24.087 Thread 0x0000028acfbaebe0 Unloading class 0x0000028a811a3000 'java/lang/invoke/LambdaForm$MH+0x0000028a811a3000'
Event: 24.087 Thread 0x0000028acfbaebe0 Unloading class 0x0000028a811a2c00 'java/lang/invoke/LambdaForm$BMH+0x0000028a811a2c00'
Event: 24.087 Thread 0x0000028acfbaebe0 Unloading class 0x0000028a811a2800 'java/lang/invoke/LambdaForm$DMH+0x0000028a811a2800'
Event: 24.087 Thread 0x0000028acfbaebe0 Unloading class 0x0000028a811a1800 'java/lang/invoke/LambdaForm$DMH+0x0000028a811a1800'
Event: 25.974 Thread 0x0000028acfbaebe0 Unloading class 0x0000028a812f4000 'java/lang/invoke/LambdaForm$MH+0x0000028a812f4000'
Event: 25.974 Thread 0x0000028acfbaebe0 Unloading class 0x0000028a812f3000 'java/lang/invoke/LambdaForm$MH+0x0000028a812f3000'
Event: 25.974 Thread 0x0000028acfbaebe0 Unloading class 0x0000028a812f2800 'java/lang/invoke/LambdaForm$MH+0x0000028a812f2800'
Event: 25.974 Thread 0x0000028acfbaebe0 Unloading class 0x0000028a812f2400 'java/lang/invoke/LambdaForm$DMH+0x0000028a812f2400'
Event: 25.974 Thread 0x0000028acfbaebe0 Unloading class 0x0000028a812f1800 'java/lang/invoke/LambdaForm$MH+0x0000028a812f1800'
Event: 25.974 Thread 0x0000028acfbaebe0 Unloading class 0x0000028a812ec000 'java/lang/invoke/LambdaForm$MH+0x0000028a812ec000'
Event: 25.974 Thread 0x0000028acfbaebe0 Unloading class 0x0000028a812eb800 'java/lang/invoke/LambdaForm$MH+0x0000028a812eb800'
Event: 25.974 Thread 0x0000028acfbaebe0 Unloading class 0x0000028a812ea400 'java/lang/invoke/LambdaForm$MH+0x0000028a812ea400'
Event: 25.974 Thread 0x0000028acfbaebe0 Unloading class 0x0000028a812e9c00 'java/lang/invoke/LambdaForm$MH+0x0000028a812e9c00'
Event: 25.974 Thread 0x0000028acfbaebe0 Unloading class 0x0000028a812e9400 'java/lang/invoke/LambdaForm$MH+0x0000028a812e9400'
Event: 25.974 Thread 0x0000028acfbaebe0 Unloading class 0x0000028a812e8c00 'java/lang/invoke/LambdaForm$MH+0x0000028a812e8c00'
Event: 25.974 Thread 0x0000028acfbaebe0 Unloading class 0x0000028a812e8800 'java/lang/invoke/LambdaForm$MH+0x0000028a812e8800'
Event: 32.835 Thread 0x0000028acfbaebe0 Unloading class 0x0000028a8163c800 'java/lang/invoke/LambdaForm$DMH+0x0000028a8163c800'

Classes redefined (0 events):
No events

Internal exceptions (20 events):
Event: 38.031 Thread 0x0000028af690e050 Exception <a 'sun/nio/fs/WindowsException'{0x00000000d6196660}> (0x00000000d6196660) 
thrown [s\src\hotspot\share\prims\jni.cpp, line 520]
Event: 38.031 Thread 0x0000028af690e050 Exception <a 'sun/nio/fs/WindowsException'{0x00000000d6197c08}> (0x00000000d6197c08) 
thrown [s\src\hotspot\share\prims\jni.cpp, line 520]
Event: 38.032 Thread 0x0000028af6908470 Exception <a 'sun/nio/fs/WindowsException'{0x00000000d619b028}> (0x00000000d619b028) 
thrown [s\src\hotspot\share\prims\jni.cpp, line 520]
Event: 38.032 Thread 0x0000028af690e050 Exception <a 'sun/nio/fs/WindowsException'{0x00000000d61a1cd8}> (0x00000000d61a1cd8) 
thrown [s\src\hotspot\share\prims\jni.cpp, line 520]
Event: 38.033 Thread 0x0000028af4959290 Exception <a 'sun/nio/fs/WindowsException'{0x00000000d61a8c78}> (0x00000000d61a8c78) 
thrown [s\src\hotspot\share\prims\jni.cpp, line 520]
Event: 38.034 Thread 0x0000028af4959290 Exception <a 'sun/nio/fs/WindowsException'{0x00000000d61aab60}> (0x00000000d61aab60) 
thrown [s\src\hotspot\share\prims\jni.cpp, line 520]
Event: 38.034 Thread 0x0000028af4959290 Exception <a 'sun/nio/fs/WindowsException'{0x00000000d61ac1c8}> (0x00000000d61ac1c8) 
thrown [s\src\hotspot\share\prims\jni.cpp, line 520]
Event: 38.036 Thread 0x0000028af4959290 Exception <a 'sun/nio/fs/WindowsException'{0x00000000d61aeef8}> (0x00000000d61aeef8) 
thrown [s\src\hotspot\share\prims\jni.cpp, line 520]
Event: 39.503 Thread 0x0000028af6909190 Exception <a 'java/lang/IncompatibleClassChangeError'{0x00000000d5d118b8}: Found class java.lang.Object, but interface was expected> (0x00000000d5d118b8) 
thrown [s\src\hotspot\share\interpreter\linkResolver.cpp, line 840]
Event: 39.585 Thread 0x0000028af6909190 Exception <a 'java/lang/IncompatibleClassChangeError'{0x00000000d58b4b20}: Found class java.lang.Object, but interface was expected> (0x00000000d58b4b20) 
thrown [s\src\hotspot\share\interpreter\linkResolver.cpp, line 840]
Event: 40.165 Thread 0x0000028af229e890 Exception <a 'java/lang/NoSuchMethodError'{0x00000000d57f2b78}: 'java.lang.Object java.lang.invoke.DirectMethodHandle$Holder.invokeSpecial(java.lang.Object, java.lang.Object, int, long)'> (0x00000000d57f2b78) 
thrown [s\src\hotspot\share\interpreter\linkResolver.cpp, line 773]
Event: 40.224 Thread 0x0000028af229d4e0 Implicit null exception at 0x0000028ae03ddb21 to 0x0000028ae03e18d0
Event: 40.433 Thread 0x0000028af495a640 Exception <a 'java/lang/NoSuchMethodError'{0x00000000d567a0a0}: 'int java.lang.invoke.Invokers$Holder.invokeExact_MT(java.lang.Object, java.lang.Object)'> (0x00000000d567a0a0) 
thrown [s\src\hotspot\share\interpreter\linkResolver.cpp, line 773]
Event: 41.037 Thread 0x0000028af495a640 Implicit null exception at 0x0000028ae021cd26 to 0x0000028ae021d2c0
Event: 41.785 Thread 0x0000028af495a640 Implicit null exception at 0x0000028adfe38c06 to 0x0000028adfe38d31
Event: 41.791 Thread 0x0000028af495a640 Implicit null exception at 0x0000028ae043de06 to 0x0000028ae043df10
Event: 41.964 Thread 0x0000028af495a640 Implicit null exception at 0x0000028ae0444d8f to 0x0000028ae044a708
Event: 42.874 Thread 0x0000028af4957ee0 Exception <a 'java/lang/NoSuchMethodError'{0x00000000d559c628}: 'void java.lang.invoke.DirectMethodHandle$Holder.invokeStatic(java.lang.Object, int, java.lang.Object)'> (0x00000000d559c628) 
thrown [s\src\hotspot\share\interpreter\linkResolver.cpp, line 773]
Event: 43.123 Thread 0x0000028af495a640 Exception <a 'java/lang/IncompatibleClassChangeError'{0x00000000d59ec838}: Found class java.lang.Object, but interface was expected> (0x00000000d59ec838) 
thrown [s\src\hotspot\share\interpreter\linkResolver.cpp, line 840]
Event: 43.414 Thread 0x0000028af229a060 Exception <a 'java/lang/NoSuchMethodError'{0x00000000d5caed70}: 'java.lang.Object java.lang.invoke.DirectMethodHandle$Holder.newInvokeSpecial(java.lang.Object, java.lang.Object, int, int, java.lang.Object)'> (0x00000000d5caed70) 
thrown [s\src\hotspot\share\interpreter\linkResolver.cpp, line 773]

ZGC Phase Switch (0 events):
No events

VM Operations (20 events):
Event: 44.191 Executing VM operation: ParallelGCFailedAllocation (Allocation Failure)
Event: 44.197 Executing VM operation: ParallelGCFailedAllocation (Allocation Failure) done
Event: 44.236 Executing VM operation: ParallelGCFailedAllocation (Allocation Failure)
Event: 44.240 Executing VM operation: ParallelGCFailedAllocation (Allocation Failure) done
Event: 44.279 Executing VM operation: ParallelGCFailedAllocation (Allocation Failure)
Event: 44.281 Executing VM operation: ParallelGCFailedAllocation (Allocation Failure) done
Event: 44.312 Executing VM operation: ParallelGCFailedAllocation (Allocation Failure)
Event: 44.314 Executing VM operation: ParallelGCFailedAllocation (Allocation Failure) done
Event: 44.333 Executing VM operation: ParallelGCFailedAllocation (Allocation Failure)
Event: 44.374 Executing VM operation: ParallelGCFailedAllocation (Allocation Failure) done
Event: 44.404 Executing VM operation: ParallelGCFailedAllocation (Allocation Failure)
Event: 44.407 Executing VM operation: ParallelGCFailedAllocation (Allocation Failure) done
Event: 44.424 Executing VM operation: ParallelGCFailedAllocation (Allocation Failure)
Event: 44.424 Executing VM operation: ParallelGCFailedAllocation (Allocation Failure) done
Event: 44.434 Executing VM operation: ParallelGCSystemGC (GCLocker Initiated GC)
Event: 44.441 Executing VM operation: ParallelGCSystemGC (GCLocker Initiated GC) done
Event: 44.475 Executing VM operation: ParallelGCFailedAllocation (Allocation Failure)
Event: 44.482 Executing VM operation: ParallelGCFailedAllocation (Allocation Failure) done
Event: 44.518 Executing VM operation: ParallelGCFailedAllocation (Allocation Failure)
Event: 44.680 Executing VM operation: ParallelGCFailedAllocation (Allocation Failure) done

Memory protections (0 events):
No events

Nmethod flushes (20 events):
Event: 44.596 Thread 0x0000028acfbaebe0 flushing  nmethod 0x0000028ad94ff290
Event: 44.596 Thread 0x0000028acfbaebe0 flushing  nmethod 0x0000028ad9500a10
Event: 44.596 Thread 0x0000028acfbaebe0 flushing  nmethod 0x0000028ad9502010
Event: 44.596 Thread 0x0000028acfbaebe0 flushing  nmethod 0x0000028ad9502e10
Event: 44.596 Thread 0x0000028acfbaebe0 flushing  nmethod 0x0000028ad9503c10
Event: 44.596 Thread 0x0000028acfbaebe0 flushing  nmethod 0x0000028ad9505d90
Event: 44.596 Thread 0x0000028acfbaebe0 flushing  nmethod 0x0000028ad9507110
Event: 44.596 Thread 0x0000028acfbaebe0 flushing  nmethod 0x0000028ad9507e90
Event: 44.596 Thread 0x0000028acfbaebe0 flushing  nmethod 0x0000028ad9508590
Event: 44.596 Thread 0x0000028acfbaebe0 flushing  nmethod 0x0000028ad950e210
Event: 44.596 Thread 0x0000028acfbaebe0 flushing  nmethod 0x0000028ad9514d10
Event: 44.596 Thread 0x0000028acfbaebe0 flushing  nmethod 0x0000028ad952ac10
Event: 44.596 Thread 0x0000028acfbaebe0 flushing  nmethod 0x0000028ad952bc10
Event: 44.596 Thread 0x0000028acfbaebe0 flushing  nmethod 0x0000028ad952f310
Event: 44.596 Thread 0x0000028acfbaebe0 flushing  nmethod 0x0000028ad9530f90
Event: 44.596 Thread 0x0000028acfbaebe0 flushing  nmethod 0x0000028ad9531d90
Event: 44.596 Thread 0x0000028acfbaebe0 flushing  nmethod 0x0000028ad9536210
Event: 44.596 Thread 0x0000028acfbaebe0 flushing  nmethod 0x0000028ad9541690
Event: 44.596 Thread 0x0000028acfbaebe0 flushing  nmethod 0x0000028ad9546b10
Event: 44.596 Thread 0x0000028acfbaebe0 flushing  nmethod 0x0000028ad9557190

Events (20 events):
Event: 38.081 Thread 0x0000028af229a060 Thread added: 0x0000028af4959fb0
Event: 38.081 Thread 0x0000028af229a060 Thread added: 0x0000028af495b9f0
Event: 38.081 Thread 0x0000028af229a060 Thread added: 0x0000028af495c080
Event: 38.082 Thread 0x0000028af229a060 Thread added: 0x0000028af49571c0
Event: 39.505 Thread 0x0000028af6909190 Thread added: 0x0000028af495a640
Event: 40.875 Thread 0x0000028acfa6ea90 Thread added: 0x0000028af3fd6e50
Event: 41.162 Thread 0x0000028af229a060 Thread added: 0x0000028af4957ee0
Event: 42.354 Thread 0x0000028af3fd6e50 Thread exited: 0x0000028af3fd6e50
Event: 43.416 Thread 0x0000028af229a060 Thread added: 0x0000028af4958c00
Event: 43.469 Thread 0x0000028af229a060 Thread added: 0x0000028af495acd0
Event: 43.504 Thread 0x0000028af229a060 Thread added: 0x0000028af6908b00
Event: 43.620 Thread 0x0000028af3fd4c40 Thread exited: 0x0000028af3fd4c40
Event: 43.620 Thread 0x0000028af229a060 Thread added: 0x0000028af5f9c710
Event: 43.620 Thread 0x0000028af229a060 Thread added: 0x0000028af5f9c080
Event: 43.636 Thread 0x0000028acfa6ea90 Thread added: 0x0000028af3fd2360
Event: 43.876 Thread 0x0000028acfa6ea90 Thread added: 0x0000028af3fd6e50
Event: 43.890 Thread 0x0000028af229a060 Thread added: 0x0000028af5f9ee70
Event: 44.031 Thread 0x0000028af3fd6e50 Thread exited: 0x0000028af3fd6e50
Event: 44.032 Thread 0x0000028af3fd2360 Thread exited: 0x0000028af3fd2360
Event: 44.398 Thread 0x0000028acfa6ea90 Thread added: 0x0000028af3fd4c40


Dynamic libraries:
0x00007ff703fa0000 - 0x00007ff703fae000 	D:\ProgramFiles\JDK\jdk-21.0.8+9\bin\java.exe
0x00007ff97b810000 - 0x00007ff97ba05000 	C:\Windows\SYSTEM32\ntdll.dll
0x00007ff979860000 - 0x00007ff97991e000 	C:\Windows\System32\KERNEL32.DLL
0x00007ff9790d0000 - 0x00007ff979399000 	C:\Windows\System32\KERNELBASE.dll
0x00007ff9793a0000 - 0x00007ff9794a0000 	C:\Windows\System32\ucrtbase.dll
0x00007ff9065d0000 - 0x00007ff9065e8000 	D:\ProgramFiles\JDK\jdk-21.0.8+9\bin\jli.dll
0x00007ff9799b0000 - 0x00007ff979b51000 	C:\Windows\System32\USER32.dll
0x00007ff9796e0000 - 0x00007ff979702000 	C:\Windows\System32\win32u.dll
0x00007ff979980000 - 0x00007ff9799ab000 	C:\Windows\System32\GDI32.dll
0x00007ff978f30000 - 0x00007ff97903b000 	C:\Windows\System32\gdi32full.dll
0x00007ff9797c0000 - 0x00007ff97985d000 	C:\Windows\System32\msvcp_win.dll
0x00007ff8ff7c0000 - 0x00007ff8ff7de000 	D:\ProgramFiles\JDK\jdk-21.0.8+9\bin\VCRUNTIME140.dll
0x00007ff95e200000 - 0x00007ff95e49a000 	C:\Windows\WinSxS\amd64_microsoft.windows.common-controls_6595b64144ccf1df_6.0.19041.1110_none_60b5254171f9507e\COMCTL32.dll
0x00007ff97acf0000 - 0x00007ff97ad8e000 	C:\Windows\System32\msvcrt.dll
0x00007ff97b5f0000 - 0x00007ff97b620000 	C:\Windows\System32\IMM32.DLL
0x00007ff902430000 - 0x00007ff90243c000 	D:\ProgramFiles\JDK\jdk-21.0.8+9\bin\vcruntime140_1.dll
0x00007ff8ff730000 - 0x00007ff8ff7b9000 	D:\ProgramFiles\JDK\jdk-21.0.8+9\bin\msvcp140.dll
0x00007ff8fbc70000 - 0x00007ff8fca1c000 	D:\ProgramFiles\JDK\jdk-21.0.8+9\bin\server\jvm.dll
0x00007ff97a110000 - 0x00007ff97a1bc000 	C:\Windows\System32\ADVAPI32.dll
0x00007ff97aa90000 - 0x00007ff97ab2b000 	C:\Windows\System32\sechost.dll
0x00007ff97a960000 - 0x00007ff97aa8a000 	C:\Windows\System32\RPCRT4.dll
0x00007ff97ac00000 - 0x00007ff97ac6b000 	C:\Windows\System32\WS2_32.dll
0x00007ff96e580000 - 0x00007ff96e58a000 	C:\Windows\SYSTEM32\VERSION.dll
0x00007ff95e4d0000 - 0x00007ff95e4f7000 	C:\Windows\SYSTEM32\WINMM.dll
0x00007ff978cf0000 - 0x00007ff978d3b000 	C:\Windows\SYSTEM32\POWRPROF.dll
0x00007ff978b00000 - 0x00007ff978b12000 	C:\Windows\SYSTEM32\UMPDC.dll
0x00007ff976e80000 - 0x00007ff976e92000 	C:\Windows\SYSTEM32\kernel.appcore.dll
0x00007ff8ff720000 - 0x00007ff8ff72a000 	D:\ProgramFiles\JDK\jdk-21.0.8+9\bin\jimage.dll
0x00007ff976530000 - 0x00007ff976714000 	C:\Windows\SYSTEM32\DBGHELP.DLL
0x00007ff95abe0000 - 0x00007ff95ac0c000 	C:\Windows\SYSTEM32\dbgcore.DLL
0x00007ff9794f0000 - 0x00007ff979573000 	C:\Windows\System32\bcryptPrimitives.dll
0x00007ff8ff710000 - 0x00007ff8ff720000 	D:\ProgramFiles\JDK\jdk-21.0.8+9\bin\instrument.dll
0x00007ff8ff6e0000 - 0x00007ff8ff701000 	D:\ProgramFiles\JDK\jdk-21.0.8+9\bin\java.dll
0x00007ff97ad90000 - 0x00007ff97b4cf000 	C:\Windows\System32\SHELL32.dll
0x00007ff977030000 - 0x00007ff9777c0000 	C:\Windows\SYSTEM32\windows.storage.dll
0x00007ff979b90000 - 0x00007ff979ee5000 	C:\Windows\System32\combase.dll
0x00007ff978910000 - 0x00007ff97893c000 	C:\Windows\SYSTEM32\Wldp.dll
0x00007ff97a850000 - 0x00007ff97a8fd000 	C:\Windows\System32\SHCORE.dll
0x00007ff979920000 - 0x00007ff979975000 	C:\Windows\System32\shlwapi.dll
0x00007ff978e70000 - 0x00007ff978e8f000 	C:\Windows\SYSTEM32\profapi.dll
0x00007ff8ff1d0000 - 0x00007ff8ff2a6000 	D:\ProgramFiles\JDK\jdk-21.0.8+9\bin\jsvml.dll
0x00007ff8ff1b0000 - 0x00007ff8ff1c8000 	D:\ProgramFiles\JDK\jdk-21.0.8+9\bin\zip.dll
0x00007ff8ff190000 - 0x00007ff8ff1a1000 	D:\ProgramFiles\JDK\jdk-21.0.8+9\bin\net.dll
0x00007ff970390000 - 0x00007ff970498000 	C:\Windows\SYSTEM32\WINHTTP.dll
0x00007ff978670000 - 0x00007ff9786da000 	C:\Windows\system32\mswsock.dll
0x00007ff8ff0e0000 - 0x00007ff8ff0f6000 	D:\ProgramFiles\JDK\jdk-21.0.8+9\bin\nio.dll
0x00007ff8ff6d0000 - 0x00007ff8ff6e0000 	D:\ProgramFiles\JDK\jdk-21.0.8+9\bin\verify.dll
0x00007ff8feda0000 - 0x00007ff8fede4000 	C:\Users\USER\AppData\Roaming\Code\User\globalStorage\redhat.java\1.49.0\config_win\org.eclipse.equinox.launcher\org.eclipse.equinox.launcher.win32.win32.x86_64_1.2.1400.v20250801-0854\eclipse_11916.dll
0x00007ff979fd0000 - 0x00007ff97a0fa000 	C:\Windows\System32\ole32.dll
0x00007ff96f650000 - 0x00007ff96f65a000 	D:\ProgramFiles\JDK\jdk-21.0.8+9\bin\management.dll
0x00007ff96f640000 - 0x00007ff96f64c000 	D:\ProgramFiles\JDK\jdk-21.0.8+9\bin\management_ext.dll
0x00007ff97b580000 - 0x00007ff97b588000 	C:\Windows\System32\PSAPI.DLL
0x00007ff978860000 - 0x00007ff978878000 	C:\Windows\SYSTEM32\CRYPTSP.dll
0x00007ff977f90000 - 0x00007ff977fc4000 	C:\Windows\system32\rsaenh.dll
0x00007ff979040000 - 0x00007ff979067000 	C:\Windows\System32\bcrypt.dll
0x00007ff978df0000 - 0x00007ff978e1e000 	C:\Windows\SYSTEM32\USERENV.dll
0x00007ff978880000 - 0x00007ff97888c000 	C:\Windows\SYSTEM32\CRYPTBASE.dll
0x00007ff978360000 - 0x00007ff97839b000 	C:\Windows\SYSTEM32\IPHLPAPI.DLL
0x00007ff97a100000 - 0x00007ff97a108000 	C:\Windows\System32\NSI.dll
0x00007ff93ed00000 - 0x00007ff93ed49000 	C:\Users\USER\AppData\Local\Temp\jna-2614219\jna11701809372599665226.dll
0x00007ff96e620000 - 0x00007ff96e637000 	C:\Windows\SYSTEM32\dhcpcsvc6.DLL
0x00007ff96e8c0000 - 0x00007ff96e8dd000 	C:\Windows\SYSTEM32\dhcpcsvc.DLL
0x00007ff96f930000 - 0x00007ff96f93e000 	D:\ProgramFiles\JDK\jdk-21.0.8+9\bin\sunmscapi.dll
0x00007ff979580000 - 0x00007ff9796d6000 	C:\Windows\System32\CRYPT32.dll
0x00007ff978980000 - 0x00007ff9789a7000 	C:\Windows\SYSTEM32\ncrypt.dll
0x00007ff978940000 - 0x00007ff97897b000 	C:\Windows\SYSTEM32\NTASN1.dll
0x00007ff9783a0000 - 0x00007ff97846c000 	C:\Windows\SYSTEM32\DNSAPI.dll
0x000000006e160000 - 0x000000006e186000 	C:\Program Files\Bonjour\mdnsNSP.dll
0x00007ff96e600000 - 0x00007ff96e60a000 	C:\Windows\System32\rasadhlp.dll
0x00007ff96da50000 - 0x00007ff96dacf000 	C:\Windows\System32\fwpuclnt.dll
0x00007ff96f920000 - 0x00007ff96f929000 	D:\ProgramFiles\JDK\jdk-21.0.8+9\bin\extnet.dll

JVMTI agents:
c:\Users\USER\.vscode\extensions\redhat.java-1.49.0-win32-x64\lombok\lombok-1.18.39-4050.jar path:D:\ProgramFiles\JDK\jdk-21.0.8+9\bin\instrument.dll, loaded, initialized, instrumentlib options:none

dbghelp: loaded successfully - version: 4.0.5 - missing functions: none
symbol engine: initialized successfully - sym options: 0x614 - pdb path: .;D:\ProgramFiles\JDK\jdk-21.0.8+9\bin;C:\Windows\SYSTEM32;C:\Windows\WinSxS\amd64_microsoft.windows.common-controls_6595b64144ccf1df_6.0.19041.1110_none_60b5254171f9507e;D:\ProgramFiles\JDK\jdk-21.0.8+9\bin\server;C:\Users\USER\AppData\Roaming\Code\User\globalStorage\redhat.java\1.49.0\config_win\org.eclipse.equinox.launcher\org.eclipse.equinox.launcher.win32.win32.x86_64_1.2.1400.v20250801-0854;C:\Users\USER\AppData\Local\Temp\jna-2614219;C:\Program Files\Bonjour

VM Arguments:
jvm_args: --add-modules=ALL-SYSTEM --add-opens=java.base/java.util=ALL-UNNAMED --add-opens=java.base/java.lang=ALL-UNNAMED --add-opens=java.base/sun.nio.fs=ALL-UNNAMED -Declipse.application=org.eclipse.jdt.ls.core.id1 -Dosgi.bundles.defaultStartLevel=4 -Declipse.product=org.eclipse.jdt.ls.core.product -Djava.import.generatesMetadataFilesAtProjectRoot=false -DDetectVMInstallationsJob.disabled=true -Dfile.encoding=utf8 -XX:+UseParallelGC -XX:GCTimeRatio=4 -XX:AdaptiveSizePolicyWeight=90 -Dsun.zip.disableMemoryMapping=true -Xmx2G -Xms100m -Xlog:disable -javaagent:c:\Users\USER\.vscode\extensions\redhat.java-1.49.0-win32-x64\lombok\lombok-1.18.39-4050.jar -XX:+HeapDumpOnOutOfMemoryError -XX:HeapDumpPath=c:\Users\USER\AppData\Roaming\Code\User\workspaceStorage\2632f9874b1e24146316af565cb1f3cb\redhat.java -Daether.dependencyCollector.impl=bf 
java_command: c:\Users\USER\.vscode\extensions\redhat.java-1.49.0-win32-x64\server\plugins\org.eclipse.equinox.launcher_1.7.100.v20251111-0406.jar -configuration c:\Users\USER\AppData\Roaming\Code\User\globalStorage\redhat.java\1.49.0\config_win -data c:\Users\USER\AppData\Roaming\Code\User\workspaceStorage\2632f9874b1e24146316af565cb1f3cb\redhat.java\jdt_ws --pipe=\\.\pipe\lsp-f32b67771be7a13541aee95ba580c6ac-sock
java_class_path (initial): c:\Users\USER\.vscode\extensions\redhat.java-1.49.0-win32-x64\server\plugins\org.eclipse.equinox.launcher_1.7.100.v20251111-0406.jar
Launcher Type: SUN_STANDARD

[Global flags]
    uintx AdaptiveSizePolicyWeight                 = 90                                        {product} {command line}
     intx CICompilerCount                          = 4                                         {product} {ergonomic}
    uintx GCTimeRatio                              = 4                                         {product} {command line}
     bool HeapDumpOnOutOfMemoryError               = true                                   {manageable} {command line}
    ccstr HeapDumpPath                             = c:\Users\USER\AppData\Roaming\Code\User\workspaceStorage\2632f9874b1e24146316af565cb1f3cb\redhat.java         {manageable} {command line}
   size_t InitialHeapSize                          = 104857600                                 {product} {command line}
   size_t MaxHeapSize                              = 2147483648                                {product} {command line}
   size_t MaxNewSize                               = 715653120                                 {product} {ergonomic}
   size_t MinHeapDeltaBytes                        = 524288                                    {product} {ergonomic}
   size_t MinHeapSize                              = 104857600                                 {product} {command line}
   size_t NewSize                                  = 34603008                                  {product} {ergonomic}
    uintx NonNMethodCodeHeapSize                   = 5839372                                {pd product} {ergonomic}
    uintx NonProfiledCodeHeapSize                  = 122909434                              {pd product} {ergonomic}
   size_t OldSize                                  = 70254592                                  {product} {ergonomic}
    uintx ProfiledCodeHeapSize                     = 122909434                              {pd product} {ergonomic}
    uintx ReservedCodeCacheSize                    = 251658240                              {pd product} {ergonomic}
     bool SegmentedCodeCache                       = true                                      {product} {ergonomic}
   size_t SoftMaxHeapSize                          = 2147483648                             {manageable} {ergonomic}
     bool UseCompressedOops                        = true                           {product lp64_product} {ergonomic}
     bool UseLargePagesIndividualAllocation        = false                                  {pd product} {ergonomic}
     bool UseParallelGC                            = true                                      {product} {command line}

Logging:
Log output configuration:
 #0: stdout all=off uptime,level,tags foldmultilines=false
 #1: stderr all=off uptime,level,tags foldmultilines=false

Environment Variables:
JAVA_HOME=D:\ProgramFiles\JDK\jdk-21.0.8+9
PATH=D:\ProgramFiles\JDK\jdk-21.0.8+9\bin;D:\ProgramFiles\apache-tomcat\apache-tomcat-10.1.43\bin;D:\ProgramFiles\apache-maven\apache-maven-3.9.11\bin;C:\Program Files\Common Files\Oracle\Java\javapath;C:\Program Files (x86)\Common Files\Oracle\Java\java8path;C:\Program Files (x86)\Common Files\Oracle\Java\javapath;C:\Python312\Scripts\;C:\Python312\;C:\Windows\system32;C:\Windows;C:\Windows\System32\Wbem;C:\Windows\System32\WindowsPowerShell\v1.0\;C:\Windows\System32\OpenSSH\;C:\Program Files (x86)\NVIDIA Corporation\PhysX\Common;C:\Program Files\NVIDIA Corporation\NVIDIA NvDLISR;C:\Program Files\;C:\ProgramData\chocolatey\bin;C:\Users\USER\AppData\Roaming\nvm;C:\Program Files\nodejs;D:\ProgramFiles\Git\cmd;C:\Program Files (x86)\Microsoft SQL Server\160\Tools\Binn\;C:\Program Files\Microsoft SQL Server\160\Tools\Binn\;C:\Program Files\Microsoft SQL Server\Client SDK\ODBC\170\Tools\Binn\;C:\Program Files\Microsoft SQL Server\160\DTS\Binn\;C:\Program Files (x86)\Microsoft SQL Server\160\DTS\Binn\;C:\Users\USER\AppData\Local\Microsoft\WindowsApps;C:\Microsoft VS Code\bin;C:\Users\USER\AppData\Roaming\npm;C:\Users\USER\AppData\Roaming\nvm;C:\Program Files\nodejs;D:\ProgramFiles\IntelliJ IDEA\IntelliJ IDEA 2025.1\bin;;D:\ProgramFiles\IntelliJ IDEA\IntelliJ IDEA Community Edition 2025.1.1.1\bin;
USERNAME=USER
OS=Windows_NT
PROCESSOR_IDENTIFIER=Intel64 Family 6 Model 140 Stepping 1, GenuineIntel
TMP=C:\Users\USER\AppData\Local\Temp
TEMP=C:\Users\USER\AppData\Local\Temp




Periodic native trim disabled

---------------  S Y S T E M  ---------------

OS:
 Windows 10 , 64 bit Build 19041 (10.0.19041.1202)
OS uptime: 0 days 0:55 hours

CPU: total 8 (initial active 8) (4 cores per cpu, 2 threads per core) family 6 model 140 stepping 1 microcode 0x8a, cx8, cmov, fxsr, ht, mmx, 3dnowpref, sse, sse2, sse3, ssse3, sse4.1, sse4.2, popcnt, lzcnt, tsc, tscinvbit, avx, avx2, aes, erms, clmul, bmi1, bmi2, adx, avx512f, avx512dq, avx512cd, avx512bw, avx512vl, sha, fma, vzeroupper, avx512_vpopcntdq, avx512_vpclmulqdq, avx512_vaes, avx512_vnni, clflush, clflushopt, clwb, avx512_vbmi2, avx512_vbmi, rdtscp, rdpid, fsrm, gfni, avx512_bitalg, f16c, pku, cet_ibt, cet_ss, avx512_ifma
Processor Information for the first 8 processors :
  Max Mhz: 2419, Current Mhz: 2419, Mhz Limit: 2419

Memory: 4k page, system-wide physical 16163M (798M free)
TotalPageFile size 18211M (AvailPageFile size 2M)
current process WorkingSet (physical memory assigned to process): 374M, peak: 374M
current process commit charge ("private bytes"): 434M, peak: 1694M

vm_info: OpenJDK 64-Bit Server VM (21.0.8+9-LTS) for windows-amd64 JRE (21.0.8+9-LTS), built on 2025-07-10T20:22:44Z by "MicrosoftCorporation" with unknown MS VC++:1944

END.
