#
# There is insufficient memory for the Java Runtime Environment to continue.
# Native memory allocation (malloc) failed to allocate 744656 bytes. Error detail: Chunk::new
# Possible reasons:
#   The system is out of physical RAM or swap space
#   This process is running with CompressedOops enabled, and the Java Heap may be blocking the growth of the native heap
# Possible solutions:
#   Reduce memory load on the system
#   Increase physical memory or swap space
#   Check if swap backing store is full
#   Decrease Java heap size (-Xmx/-Xms)
#   Decrease number of Java threads
#   Decrease Java thread stack sizes (-Xss)
#   Set larger code cache with -XX:ReservedCodeCacheSize=
#   JVM is running with Unscaled Compressed Oops mode in which the Java heap is
#     placed in the first 4GB address space. The Java Heap base address is the
#     maximum limit for the native heap growth. Please use -XX:HeapBaseMinAddress
#     to set the Java Heap base and to place the Java Heap above 4GB virtual address.
# This output file may be truncated or incomplete.
#
#  Out of Memory Error (arena.cpp:168), pid=14996, tid=13712
#
# JRE version: OpenJDK Runtime Environment Microsoft-11933218 (21.0.8+9) (build 21.0.8+9-LTS)
# Java VM: OpenJDK 64-Bit Server VM Microsoft-11933218 (21.0.8+9-LTS, mixed mode, sharing, tiered, compressed oops, compressed class ptrs, parallel gc, windows-amd64)
# No core dump will be written. Minidumps are not enabled by default on client versions of Windows
#

---------------  S U M M A R Y ------------

Command Line: --add-modules=ALL-SYSTEM --add-opens=java.base/java.util=ALL-UNNAMED --add-opens=java.base/java.lang=ALL-UNNAMED --add-opens=java.base/sun.nio.fs=ALL-UNNAMED -Declipse.application=org.eclipse.jdt.ls.core.id1 -Dosgi.bundles.defaultStartLevel=4 -Declipse.product=org.eclipse.jdt.ls.core.product -Djava.import.generatesMetadataFilesAtProjectRoot=false -DDetectVMInstallationsJob.disabled=true -Dfile.encoding=utf8 -XX:+UseParallelGC -XX:GCTimeRatio=4 -XX:AdaptiveSizePolicyWeight=90 -Dsun.zip.disableMemoryMapping=true -Xmx2G -Xms100m -Xlog:disable -javaagent:c:\Users\USER\.vscode\extensions\redhat.java-1.49.0-win32-x64\lombok\lombok-1.18.39-4050.jar -XX:+HeapDumpOnOutOfMemoryError -XX:HeapDumpPath=c:\Users\USER\AppData\Roaming\Code\User\workspaceStorage\2632f9874b1e24146316af565cb1f3cb\redhat.java -Daether.dependencyCollector.impl=bf c:\Users\USER\.vscode\extensions\redhat.java-1.49.0-win32-x64\server\plugins\org.eclipse.equinox.launcher_1.7.100.v20251111-0406.jar -configuration c:\Users\USER\AppData\Roaming\Code\User\globalStorage\redhat.java\1.49.0\config_win -data c:\Users\USER\AppData\Roaming\Code\User\workspaceStorage\2632f9874b1e24146316af565cb1f3cb\redhat.java\jdt_ws --pipe=\\.\pipe\lsp-e117511ccb035df35623799f169c543a-sock

Host: 11th Gen Intel(R) Core(TM) i5-1135G7 @ 2.40GHz, 8 cores, 15G,  Windows 10 , 64 bit Build 19041 (10.0.19041.1202)
Time: Fri Nov 21 21:22:34 2025 elapsed time: 10.626579 seconds (0d 0h 0m 10s)

---------------  T H R E A D  ---------------

Current thread (0x000002a2fa8b7460):  JavaThread "C2 CompilerThread2" daemon [_thread_in_native, id=13712, stack(0x000000f7fea00000,0x000000f7feb00000) (1024K)]


Current CompileTask:
C2:10626 4724   !   4       org.eclipse.osgi.internal.loader.classpath.ClasspathManager::findLocalClass (210 bytes)

Stack: [0x000000f7fea00000,0x000000f7feb00000]
Native frames: (J=compiled Java code, j=interpreted, Vv=VM code, C=native code)
V  [jvm.dll+0x6e1729]
V  [jvm.dll+0x8bf47b]
V  [jvm.dll+0x8c19aa]
V  [jvm.dll+0x8c2083]
V  [jvm.dll+0x289fd6]
V  [jvm.dll+0xc903d]
V  [jvm.dll+0xc958c]
V  [jvm.dll+0x30113e]
V  [jvm.dll+0x608897]
V  [jvm.dll+0x25af97]
V  [jvm.dll+0x25b36d]
V  [jvm.dll+0x253c69]
V  [jvm.dll+0x251171]
V  [jvm.dll+0x1d18bf]
V  [jvm.dll+0x260f4a]
V  [jvm.dll+0x25f2b5]
V  [jvm.dll+0x40151d]
V  [jvm.dll+0x86975d]
V  [jvm.dll+0x6dff2d]
C  [ucrtbase.dll+0x21bb2]
C  [KERNEL32.DLL+0x17034]
C  [ntdll.dll+0x52651]


---------------  P R O C E S S  ---------------

Threads class SMR info:
_java_thread_list=0x000002a2c3472a80, length=26, elements={
0x000002a2dccfaef0, 0x000002a2f8c698c0, 0x000002a2f8c6b120, 0x000002a2f8c6c980,
0x000002a2f8c6dbf0, 0x000002a2f8c6eb00, 0x000002a2f8c70760, 0x000002a2f8c74500,
0x000002a2f8c9bac0, 0x000002a2dcdc1730, 0x000002a2fa8420e0, 0x000002a2ff5c8370,
0x000002a2ff525fb0, 0x000002a2ff74b3c0, 0x000002a2ff736c70, 0x000002a2c13d4320,
0x000002a2c1237880, 0x000002a2c164cdf0, 0x000002a2c1621920, 0x000002a2c170f060,
0x000002a2c1710410, 0x000002a2ff0128b0, 0x000002a2c17117c0, 0x000002a2fa8b7460,
0x000002a2c17124e0, 0x000002a2c1711e50
}

Java Threads: ( => current thread )
  0x000002a2dccfaef0 JavaThread "main"                              [_thread_blocked, id=5176, stack(0x000000f7fc900000,0x000000f7fca00000) (1024K)]
  0x000002a2f8c698c0 JavaThread "Reference Handler"          daemon [_thread_blocked, id=9532, stack(0x000000f7fcd00000,0x000000f7fce00000) (1024K)]
  0x000002a2f8c6b120 JavaThread "Finalizer"                  daemon [_thread_blocked, id=8132, stack(0x000000f7fce00000,0x000000f7fcf00000) (1024K)]
  0x000002a2f8c6c980 JavaThread "Signal Dispatcher"          daemon [_thread_blocked, id=984, stack(0x000000f7fcf00000,0x000000f7fd000000) (1024K)]
  0x000002a2f8c6dbf0 JavaThread "Attach Listener"            daemon [_thread_blocked, id=6844, stack(0x000000f7fd000000,0x000000f7fd100000) (1024K)]
  0x000002a2f8c6eb00 JavaThread "Service Thread"             daemon [_thread_blocked, id=5648, stack(0x000000f7fd100000,0x000000f7fd200000) (1024K)]
  0x000002a2f8c70760 JavaThread "Monitor Deflation Thread"   daemon [_thread_blocked, id=980, stack(0x000000f7fd200000,0x000000f7fd300000) (1024K)]
  0x000002a2f8c74500 JavaThread "C2 CompilerThread0"         daemon [_thread_in_native, id=13040, stack(0x000000f7fd300000,0x000000f7fd400000) (1024K)]
  0x000002a2f8c9bac0 JavaThread "C1 CompilerThread0"         daemon [_thread_blocked, id=740, stack(0x000000f7fd400000,0x000000f7fd500000) (1024K)]
  0x000002a2dcdc1730 JavaThread "Common-Cleaner"             daemon [_thread_blocked, id=9428, stack(0x000000f7fd500000,0x000000f7fd600000) (1024K)]
  0x000002a2fa8420e0 JavaThread "Notification Thread"        daemon [_thread_blocked, id=11784, stack(0x000000f7fd700000,0x000000f7fd800000) (1024K)]
  0x000002a2ff5c8370 JavaThread "Active Thread: Equinox Container: b5c65b89-9d96-4028-975f-b84ca307e08e"        [_thread_blocked, id=9836, stack(0x000000f7fdf00000,0x000000f7fe000000) (1024K)]
  0x000002a2ff525fb0 JavaThread "Refresh Thread: Equinox Container: b5c65b89-9d96-4028-975f-b84ca307e08e" daemon [_thread_blocked, id=7268, stack(0x000000f7fe000000,0x000000f7fe100000) (1024K)]
  0x000002a2ff74b3c0 JavaThread "Framework Event Dispatcher: Equinox Container: b5c65b89-9d96-4028-975f-b84ca307e08e" daemon [_thread_blocked, id=8620, stack(0x000000f7fe100000,0x000000f7fe200000) (1024K)]
  0x000002a2ff736c70 JavaThread "Start Level: Equinox Container: b5c65b89-9d96-4028-975f-b84ca307e08e" daemon [_thread_in_vm, id=14284, stack(0x000000f7fe200000,0x000000f7fe300000) (1024K)]
  0x000002a2c13d4320 JavaThread "Bundle File Closer"         daemon [_thread_blocked, id=8144, stack(0x000000f7fe400000,0x000000f7fe500000) (1024K)]
  0x000002a2c1237880 JavaThread "SCR Component Actor"        daemon [_thread_blocked, id=14040, stack(0x000000f7fd600000,0x000000f7fd700000) (1024K)]
  0x000002a2c164cdf0 JavaThread "Worker-JM"                         [_thread_blocked, id=10808, stack(0x000000f7fe600000,0x000000f7fe700000) (1024K)]
  0x000002a2c1621920 JavaThread "JNA Cleaner"                daemon [_thread_blocked, id=10228, stack(0x000000f7fe300000,0x000000f7fe400000) (1024K)]
  0x000002a2c170f060 JavaThread "Worker-0: Loading available Gradle versions"        [_thread_in_vm, id=14864, stack(0x000000f7fe500000,0x000000f7fe600000) (1024K)]
  0x000002a2c1710410 JavaThread "Worker-1: Repository registry initialization"        [_thread_in_Java, id=10344, stack(0x000000f7fe700000,0x000000f7fe800000) (1024K)]
  0x000002a2ff0128b0 JavaThread "C2 CompilerThread1"         daemon [_thread_in_native, id=12628, stack(0x000000f7fe800000,0x000000f7fe900000) (1024K)]
  0x000002a2c17117c0 JavaThread "Worker-2: Initialize After Load"        [_thread_in_Java, id=14176, stack(0x000000f7fe900000,0x000000f7fea00000) (1024K)]
=>0x000002a2fa8b7460 JavaThread "C2 CompilerThread2"         daemon [_thread_in_native, id=13712, stack(0x000000f7fea00000,0x000000f7feb00000) (1024K)]
  0x000002a2c17124e0 JavaThread "Java indexing"              daemon [_thread_blocked, id=16660, stack(0x000000f7feb00000,0x000000f7fec00000) (1024K)]
  0x000002a2c1711e50 JavaThread "Worker-3"                          [_thread_new, id=8012, stack(0x0000000000000000,0x0000000000000000) (0B)]
Total: 26

Other Threads:
  0x000002a2f8c4c790 VMThread "VM Thread"                           [id=14224, stack(0x000000f7fcc00000,0x000000f7fcd00000) (1024K)]
  0x000002a2dcdc08d0 WatcherThread "VM Periodic Task Thread"        [id=14208, stack(0x000000f7fcb00000,0x000000f7fcc00000) (1024K)]
  0x000002a2dcd1a340 WorkerThread "GC Thread#0"                     [id=7456, stack(0x000000f7fca00000,0x000000f7fcb00000) (1024K)]
  0x000002a2ff0760c0 WorkerThread "GC Thread#1"                     [id=14264, stack(0x000000f7fd900000,0x000000f7fda00000) (1024K)]
  0x000002a2ff32b470 WorkerThread "GC Thread#2"                     [id=9816, stack(0x000000f7fda00000,0x000000f7fdb00000) (1024K)]
  0x000002a2ff222350 WorkerThread "GC Thread#3"                     [id=1172, stack(0x000000f7fdb00000,0x000000f7fdc00000) (1024K)]
  0x000002a2ff2226f0 WorkerThread "GC Thread#4"                     [id=11016, stack(0x000000f7fdc00000,0x000000f7fdd00000) (1024K)]
  0x000002a2ff4ccdd0 WorkerThread "GC Thread#5"                     [id=14736, stack(0x000000f7fdd00000,0x000000f7fde00000) (1024K)]
  0x000002a2ff4cd170 WorkerThread "GC Thread#6"                     [id=16292, stack(0x000000f7fde00000,0x000000f7fdf00000) (1024K)]
  0x000002a2ff75dee0 WorkerThread "GC Thread#7"                     [id=17184, stack(0x000000f7fd800000,0x000000f7fd900000) (1024K)]
Total: 10

Threads with active compile tasks:
C2 CompilerThread0  10649 4725       4       org.eclipse.osgi.internal.serviceregistry.ServiceRegistry::notifyHooksPrivileged (57 bytes)
C2 CompilerThread1  10650 4037       4       org.lombokweb.asm.ClassReader::readMethod (1070 bytes)
C2 CompilerThread2  10650 4724   !   4       org.eclipse.osgi.internal.loader.classpath.ClasspathManager::findLocalClass (210 bytes)
Total: 3

VM state: not at safepoint (normal execution)

VM Mutex/Monitor currently owned by a thread: None

Heap address: 0x0000000080000000, size: 2048 MB, Compressed Oops mode: 32-bit

CDS archive(s) mapped at: [0x000002a280000000-0x000002a280c80000-0x000002a280c80000), size 13107200, SharedBaseAddress: 0x000002a280000000, ArchiveRelocationMode: 1.
Compressed class space mapped at: 0x000002a281000000-0x000002a2c1000000, reserved size: 1073741824
Narrow klass base: 0x000002a280000000, Narrow klass shift: 0, Narrow klass range: 0x100000000

GC Precious Log:
 CardTable entry size: 512
 CPUs: 8 total, 8 available
 Memory: 16163M
 Large Page Support: Disabled
 NUMA Support: Disabled
 Compressed Oops: Enabled (32-bit)
 Alignments: Space 512K, Generation 512K, Heap 2M
 Heap Min Capacity: 100M
 Heap Initial Capacity: 100M
 Heap Max Capacity: 2G
 Pre-touch: Disabled
 Parallel Workers: 8

Heap:
 PSYoungGen      total 23040K, used 4970K [0x00000000d5580000, 0x00000000d6f80000, 0x0000000100000000)
  eden space 22016K, 22% used [0x00000000d5580000,0x00000000d5a5a8d0,0x00000000d6b00000)
  from space 1024K, 0% used [0x00000000d6c80000,0x00000000d6c80000,0x00000000d6d80000)
  to   space 1536K, 0% used [0x00000000d6e00000,0x00000000d6e00000,0x00000000d6f80000)
 ParOldGen       total 68608K, used 17935K [0x0000000080000000, 0x0000000084300000, 0x00000000d5580000)
  object space 68608K, 26% used [0x0000000080000000,0x0000000081183f70,0x0000000084300000)
 Metaspace       used 35262K, committed 36352K, reserved 1114112K
  class space    used 3657K, committed 4096K, reserved 1048576K

Card table byte_map: [0x000002a2dc6b0000,0x000002a2dcac0000] _byte_map_base: 0x000002a2dc2b0000

Marking Bits: (ParMarkBitMap*) 0x00007ff8fc93f6c0
 Begin Bits: [0x000002a2f46c0000, 0x000002a2f66c0000)
 End Bits:   [0x000002a2f66c0000, 0x000002a2f86c0000)

Polling page: 0x000002a2dac90000

Metaspace:

Usage:
  Non-class:     30.87 MB used.
      Class:      3.57 MB used.
       Both:     34.44 MB used.

Virtual space:
  Non-class space:       64.00 MB reserved,      31.50 MB ( 49%) committed,  1 nodes.
      Class space:        1.00 GB reserved,       4.00 MB ( <1%) committed,  1 nodes.
             Both:        1.06 GB reserved,      35.50 MB (  3%) committed. 

Chunk freelists:
   Non-Class:  448.00 KB
       Class:  11.95 MB
        Both:  12.38 MB

MaxMetaspaceSize: unlimited
CompressedClassSpaceSize: 1.00 GB
Initial GC threshold: 21.00 MB
Current GC threshold: 58.38 MB
CDS: on
 - commit_granule_bytes: 65536.
 - commit_granule_words: 8192.
 - virtual_space_node_default_size: 8388608.
 - enlarge_chunks_in_place: 1.
 - use_allocation_guard: 0.


Internal statistics:

num_allocs_failed_limit: 6.
num_arena_births: 860.
num_arena_deaths: 14.
num_vsnodes_births: 2.
num_vsnodes_deaths: 0.
num_space_committed: 568.
num_space_uncommitted: 0.
num_chunks_returned_to_freelist: 20.
num_chunks_taken_from_freelist: 2373.
num_chunk_merges: 7.
num_chunk_splits: 1476.
num_chunks_enlarged: 846.
num_inconsistent_stats: 0.

CodeHeap 'non-profiled nmethods': size=120000Kb used=1884Kb max_used=2190Kb free=118116Kb
 bounds [0x000002a2ecee0000, 0x000002a2ed150000, 0x000002a2f4410000]
CodeHeap 'profiled nmethods': size=120000Kb used=8266Kb max_used=9790Kb free=111733Kb
 bounds [0x000002a2e5410000, 0x000002a2e5da0000, 0x000002a2ec940000]
CodeHeap 'non-nmethods': size=5760Kb used=1358Kb max_used=1410Kb free=4401Kb
 bounds [0x000002a2ec940000, 0x000002a2ecbb0000, 0x000002a2ecee0000]
CodeCache: size=245760Kb, used=11508Kb, max_used=13390Kb, free=234250Kb
 total_blobs=4809, nmethods=4166, adapters=549, full_count=0
Compilation: enabled, stopped_count=0, restarted_count=0

Compilation events (20 events):
Event: 10.568 Thread 0x000002a2f8c9bac0 nmethod 4736 0x000002a2e5590f90 code [0x000002a2e5591160, 0x000002a2e55914d8]
Event: 10.573 Thread 0x000002a2f8c9bac0 4738  s!   3       org.eclipse.osgi.framework.eventmgr.EventManager$EventThread::getNextEvent (61 bytes)
Event: 10.573 Thread 0x000002a2f8c9bac0 nmethod 4738 0x000002a2e5729090 code [0x000002a2e5729260, 0x000002a2e5729708]
Event: 10.584 Thread 0x000002a2f8c9bac0 4740       3       org.eclipse.core.runtime.ServiceCaller$ReferenceAndService::bundleChanged (32 bytes)
Event: 10.585 Thread 0x000002a2f8c9bac0 nmethod 4740 0x000002a2e547f690 code [0x000002a2e547f8c0, 0x000002a2e5480078]
Event: 10.585 Thread 0x000002a2f8c9bac0 4741       3       jdk.internal.reflect.Reflection::filter (165 bytes)
Event: 10.586 Thread 0x000002a2f8c9bac0 nmethod 4741 0x000002a2e541ab10 code [0x000002a2e541ada0, 0x000002a2e541bb48]
Event: 10.586 Thread 0x000002a2f8c9bac0 4742       3       com.google.inject.internal.DeclaredMembers$$Lambda/0x000002a281322008::apply (8 bytes)
Event: 10.587 Thread 0x000002a2f8c9bac0 nmethod 4742 0x000002a2e541f990 code [0x000002a2e541fbc0, 0x000002a2e54203f8]
Event: 10.587 Thread 0x000002a2f8c9bac0 4743       3       com.google.inject.internal.DeclaredMembers::lambda$getDeclaredMethods$1 (8 bytes)
Event: 10.587 Thread 0x000002a2f8c9bac0 nmethod 4743 0x000002a2e5433910 code [0x000002a2e5433b20, 0x000002a2e54341e8]
Event: 10.587 Thread 0x000002a2f8c9bac0 4744       1       java.util.stream.Collectors$CollectorImpl::supplier (5 bytes)
Event: 10.592 Thread 0x000002a2f8c9bac0 nmethod 4744 0x000002a2ecf1ec10 code [0x000002a2ecf1eda0, 0x000002a2ecf1ee68]
Event: 10.592 Thread 0x000002a2f8c9bac0 4745       1       java.util.stream.Collectors$CollectorImpl::accumulator (5 bytes)
Event: 10.592 Thread 0x000002a2f8c9bac0 nmethod 4745 0x000002a2ecffc010 code [0x000002a2ecffc1a0, 0x000002a2ecffc268]
Event: 10.592 Thread 0x000002a2f8c9bac0 4746       1       java.util.stream.Collectors$CollectorImpl::combiner (5 bytes)
Event: 10.593 Thread 0x000002a2f8c9bac0 nmethod 4746 0x000002a2ed02d010 code [0x000002a2ed02d1a0, 0x000002a2ed02d268]
Event: 10.616 Thread 0x000002a2f8c9bac0 4749       2       org.eclipse.osgi.container.ModuleDatabase::readUnlock (11 bytes)
Event: 10.617 Thread 0x000002a2f8c9bac0 nmethod 4749 0x000002a2e54e4b10 code [0x000002a2e54e4ce0, 0x000002a2e54e4e98]
Event: 10.624 Thread 0x000002a2f8c9bac0 4751       3       org.eclipse.osgi.internal.framework.FilterImpl$Parser::parse_substring (227 bytes)

GC Heap History (20 events):
Event: 6.751 GC heap before
{Heap before GC invocations=6 (full 0):
 PSYoungGen      total 29184K, used 29163K [0x00000000d5580000, 0x00000000d7a00000, 0x0000000100000000)
  eden space 25088K, 100% used [0x00000000d5580000,0x00000000d6e00000,0x00000000d6e00000)
  from space 4096K, 99% used [0x00000000d6e80000,0x00000000d727af38,0x00000000d7280000)
  to   space 6144K, 0% used [0x00000000d7400000,0x00000000d7400000,0x00000000d7a00000)
 ParOldGen       total 68608K, used 8200K [0x0000000080000000, 0x0000000084300000, 0x00000000d5580000)
  object space 68608K, 11% used [0x0000000080000000,0x0000000080802028,0x0000000084300000)
 Metaspace       used 19269K, committed 20096K, reserved 1114112K
  class space    used 2002K, committed 2304K, reserved 1048576K
}
Event: 6.758 GC heap after
{Heap after GC invocations=6 (full 0):
 PSYoungGen      total 29696K, used 4865K [0x00000000d5580000, 0x00000000d7900000, 0x0000000100000000)
  eden space 24576K, 0% used [0x00000000d5580000,0x00000000d5580000,0x00000000d6d80000)
  from space 5120K, 95% used [0x00000000d7400000,0x00000000d78c0520,0x00000000d7900000)
  to   space 5632K, 0% used [0x00000000d6e00000,0x00000000d6e00000,0x00000000d7380000)
 ParOldGen       total 68608K, used 8208K [0x0000000080000000, 0x0000000084300000, 0x00000000d5580000)
  object space 68608K, 11% used [0x0000000080000000,0x0000000080804028,0x0000000084300000)
 Metaspace       used 19269K, committed 20096K, reserved 1114112K
  class space    used 2002K, committed 2304K, reserved 1048576K
}
Event: 7.228 GC heap before
{Heap before GC invocations=7 (full 0):
 PSYoungGen      total 29696K, used 18541K [0x00000000d5580000, 0x00000000d7900000, 0x0000000100000000)
  eden space 24576K, 55% used [0x00000000d5580000,0x00000000d62db1f0,0x00000000d6d80000)
  from space 5120K, 95% used [0x00000000d7400000,0x00000000d78c0520,0x00000000d7900000)
  to   space 5632K, 0% used [0x00000000d6e00000,0x00000000d6e00000,0x00000000d7380000)
 ParOldGen       total 68608K, used 8208K [0x0000000080000000, 0x0000000084300000, 0x00000000d5580000)
  object space 68608K, 11% used [0x0000000080000000,0x0000000080804028,0x0000000084300000)
 Metaspace       used 20704K, committed 21504K, reserved 1114112K
  class space    used 2171K, committed 2496K, reserved 1048576K
}
Event: 7.239 GC heap after
{Heap after GC invocations=7 (full 0):
 PSYoungGen      total 28672K, used 4042K [0x00000000d5580000, 0x00000000d7680000, 0x0000000100000000)
  eden space 24576K, 0% used [0x00000000d5580000,0x00000000d5580000,0x00000000d6d80000)
  from space 4096K, 98% used [0x00000000d6e00000,0x00000000d71f2a08,0x00000000d7200000)
  to   space 4608K, 0% used [0x00000000d7200000,0x00000000d7200000,0x00000000d7680000)
 ParOldGen       total 68608K, used 9500K [0x0000000080000000, 0x0000000084300000, 0x00000000d5580000)
  object space 68608K, 13% used [0x0000000080000000,0x00000000809470b0,0x0000000084300000)
 Metaspace       used 20704K, committed 21504K, reserved 1114112K
  class space    used 2171K, committed 2496K, reserved 1048576K
}
Event: 7.239 GC heap before
{Heap before GC invocations=8 (full 1):
 PSYoungGen      total 28672K, used 4042K [0x00000000d5580000, 0x00000000d7680000, 0x0000000100000000)
  eden space 24576K, 0% used [0x00000000d5580000,0x00000000d5580000,0x00000000d6d80000)
  from space 4096K, 98% used [0x00000000d6e00000,0x00000000d71f2a08,0x00000000d7200000)
  to   space 4608K, 0% used [0x00000000d7200000,0x00000000d7200000,0x00000000d7680000)
 ParOldGen       total 68608K, used 9500K [0x0000000080000000, 0x0000000084300000, 0x00000000d5580000)
  object space 68608K, 13% used [0x0000000080000000,0x00000000809470b0,0x0000000084300000)
 Metaspace       used 20704K, committed 21504K, reserved 1114112K
  class space    used 2171K, committed 2496K, reserved 1048576K
}
Event: 7.300 GC heap after
{Heap after GC invocations=8 (full 1):
 PSYoungGen      total 28672K, used 0K [0x00000000d5580000, 0x00000000d7680000, 0x0000000100000000)
  eden space 24576K, 0% used [0x00000000d5580000,0x00000000d5580000,0x00000000d6d80000)
  from space 4096K, 0% used [0x00000000d6e00000,0x00000000d6e00000,0x00000000d7200000)
  to   space 4608K, 0% used [0x00000000d7200000,0x00000000d7200000,0x00000000d7680000)
 ParOldGen       total 68608K, used 12774K [0x0000000080000000, 0x0000000084300000, 0x00000000d5580000)
  object space 68608K, 18% used [0x0000000080000000,0x0000000080c79ac8,0x0000000084300000)
 Metaspace       used 20692K, committed 21504K, reserved 1114112K
  class space    used 2167K, committed 2496K, reserved 1048576K
}
Event: 8.293 GC heap before
{Heap before GC invocations=9 (full 1):
 PSYoungGen      total 28672K, used 24576K [0x00000000d5580000, 0x00000000d7680000, 0x0000000100000000)
  eden space 24576K, 100% used [0x00000000d5580000,0x00000000d6d80000,0x00000000d6d80000)
  from space 4096K, 0% used [0x00000000d6e00000,0x00000000d6e00000,0x00000000d7200000)
  to   space 4608K, 0% used [0x00000000d7200000,0x00000000d7200000,0x00000000d7680000)
 ParOldGen       total 68608K, used 12774K [0x0000000080000000, 0x0000000084300000, 0x00000000d5580000)
  object space 68608K, 18% used [0x0000000080000000,0x0000000080c79ac8,0x0000000084300000)
 Metaspace       used 22801K, committed 23808K, reserved 1114112K
  class space    used 2363K, committed 2752K, reserved 1048576K
}
Event: 8.299 GC heap after
{Heap after GC invocations=9 (full 1):
 PSYoungGen      total 27136K, used 2994K [0x00000000d5580000, 0x00000000d7500000, 0x0000000100000000)
  eden space 24064K, 0% used [0x00000000d5580000,0x00000000d5580000,0x00000000d6d00000)
  from space 3072K, 97% used [0x00000000d7200000,0x00000000d74ec940,0x00000000d7500000)
  to   space 3584K, 0% used [0x00000000d6e00000,0x00000000d6e00000,0x00000000d7180000)
 ParOldGen       total 68608K, used 12782K [0x0000000080000000, 0x0000000084300000, 0x00000000d5580000)
  object space 68608K, 18% used [0x0000000080000000,0x0000000080c7bac8,0x0000000084300000)
 Metaspace       used 22801K, committed 23808K, reserved 1114112K
  class space    used 2363K, committed 2752K, reserved 1048576K
}
Event: 8.893 GC heap before
{Heap before GC invocations=10 (full 1):
 PSYoungGen      total 27136K, used 27058K [0x00000000d5580000, 0x00000000d7500000, 0x0000000100000000)
  eden space 24064K, 100% used [0x00000000d5580000,0x00000000d6d00000,0x00000000d6d00000)
  from space 3072K, 97% used [0x00000000d7200000,0x00000000d74ec940,0x00000000d7500000)
  to   space 3584K, 0% used [0x00000000d6e00000,0x00000000d6e00000,0x00000000d7180000)
 ParOldGen       total 68608K, used 12782K [0x0000000080000000, 0x0000000084300000, 0x00000000d5580000)
  object space 68608K, 18% used [0x0000000080000000,0x0000000080c7bac8,0x0000000084300000)
 Metaspace       used 26540K, committed 27520K, reserved 1114112K
  class space    used 2671K, committed 3072K, reserved 1048576K
}
Event: 8.900 GC heap after
{Heap after GC invocations=10 (full 1):
 PSYoungGen      total 25600K, used 1633K [0x00000000d5580000, 0x00000000d7280000, 0x0000000100000000)
  eden space 23552K, 0% used [0x00000000d5580000,0x00000000d5580000,0x00000000d6c80000)
  from space 2048K, 79% used [0x00000000d6e00000,0x00000000d6f98680,0x00000000d7000000)
  to   space 2560K, 0% used [0x00000000d7000000,0x00000000d7000000,0x00000000d7280000)
 ParOldGen       total 68608K, used 12790K [0x0000000080000000, 0x0000000084300000, 0x00000000d5580000)
  object space 68608K, 18% used [0x0000000080000000,0x0000000080c7dac8,0x0000000084300000)
 Metaspace       used 26540K, committed 27520K, reserved 1114112K
  class space    used 2671K, committed 3072K, reserved 1048576K
}
Event: 9.134 GC heap before
{Heap before GC invocations=11 (full 1):
 PSYoungGen      total 25600K, used 25185K [0x00000000d5580000, 0x00000000d7280000, 0x0000000100000000)
  eden space 23552K, 100% used [0x00000000d5580000,0x00000000d6c80000,0x00000000d6c80000)
  from space 2048K, 79% used [0x00000000d6e00000,0x00000000d6f98680,0x00000000d7000000)
  to   space 2560K, 0% used [0x00000000d7000000,0x00000000d7000000,0x00000000d7280000)
 ParOldGen       total 68608K, used 12790K [0x0000000080000000, 0x0000000084300000, 0x00000000d5580000)
  object space 68608K, 18% used [0x0000000080000000,0x0000000080c7dac8,0x0000000084300000)
 Metaspace       used 29173K, committed 30208K, reserved 1114112K
  class space    used 2949K, committed 3392K, reserved 1048576K
}
Event: 9.139 GC heap after
{Heap after GC invocations=11 (full 1):
 PSYoungGen      total 25600K, used 2536K [0x00000000d5580000, 0x00000000d7280000, 0x0000000100000000)
  eden space 23040K, 0% used [0x00000000d5580000,0x00000000d5580000,0x00000000d6c00000)
  from space 2560K, 99% used [0x00000000d7000000,0x00000000d727a2b0,0x00000000d7280000)
  to   space 3072K, 0% used [0x00000000d6c80000,0x00000000d6c80000,0x00000000d6f80000)
 ParOldGen       total 68608K, used 13872K [0x0000000080000000, 0x0000000084300000, 0x00000000d5580000)
  object space 68608K, 20% used [0x0000000080000000,0x0000000080d8c228,0x0000000084300000)
 Metaspace       used 29173K, committed 30208K, reserved 1114112K
  class space    used 2949K, committed 3392K, reserved 1048576K
}
Event: 9.407 GC heap before
{Heap before GC invocations=12 (full 1):
 PSYoungGen      total 25600K, used 25576K [0x00000000d5580000, 0x00000000d7280000, 0x0000000100000000)
  eden space 23040K, 100% used [0x00000000d5580000,0x00000000d6c00000,0x00000000d6c00000)
  from space 2560K, 99% used [0x00000000d7000000,0x00000000d727a2b0,0x00000000d7280000)
  to   space 3072K, 0% used [0x00000000d6c80000,0x00000000d6c80000,0x00000000d6f80000)
 ParOldGen       total 68608K, used 13872K [0x0000000080000000, 0x0000000084300000, 0x00000000d5580000)
  object space 68608K, 20% used [0x0000000080000000,0x0000000080d8c228,0x0000000084300000)
 Metaspace       used 30384K, committed 31424K, reserved 1114112K
  class space    used 3091K, committed 3520K, reserved 1048576K
}
Event: 9.416 GC heap after
{Heap after GC invocations=12 (full 1):
 PSYoungGen      total 23552K, used 936K [0x00000000d5580000, 0x00000000d7080000, 0x0000000100000000)
  eden space 22528K, 0% used [0x00000000d5580000,0x00000000d5580000,0x00000000d6b80000)
  from space 1024K, 91% used [0x00000000d6c80000,0x00000000d6d6a360,0x00000000d6d80000)
  to   space 1536K, 0% used [0x00000000d6f00000,0x00000000d6f00000,0x00000000d7080000)
 ParOldGen       total 68608K, used 16161K [0x0000000080000000, 0x0000000084300000, 0x00000000d5580000)
  object space 68608K, 23% used [0x0000000080000000,0x0000000080fc8520,0x0000000084300000)
 Metaspace       used 30384K, committed 31424K, reserved 1114112K
  class space    used 3091K, committed 3520K, reserved 1048576K
}
Event: 9.808 GC heap before
{Heap before GC invocations=13 (full 1):
 PSYoungGen      total 23552K, used 23462K [0x00000000d5580000, 0x00000000d7080000, 0x0000000100000000)
  eden space 22528K, 99% used [0x00000000d5580000,0x00000000d6b7f800,0x00000000d6b80000)
  from space 1024K, 91% used [0x00000000d6c80000,0x00000000d6d6a360,0x00000000d6d80000)
  to   space 1536K, 0% used [0x00000000d6f00000,0x00000000d6f00000,0x00000000d7080000)
 ParOldGen       total 68608K, used 16161K [0x0000000080000000, 0x0000000084300000, 0x00000000d5580000)
  object space 68608K, 23% used [0x0000000080000000,0x0000000080fc8520,0x0000000084300000)
 Metaspace       used 32656K, committed 33728K, reserved 1114112K
  class space    used 3332K, committed 3776K, reserved 1048576K
}
Event: 9.813 GC heap after
{Heap after GC invocations=13 (full 1):
 PSYoungGen      total 23552K, used 1493K [0x00000000d5580000, 0x00000000d7080000, 0x0000000100000000)
  eden space 22016K, 0% used [0x00000000d5580000,0x00000000d5580000,0x00000000d6b00000)
  from space 1536K, 97% used [0x00000000d6f00000,0x00000000d7075608,0x00000000d7080000)
  to   space 2048K, 0% used [0x00000000d6c80000,0x00000000d6c80000,0x00000000d6e80000)
 ParOldGen       total 68608K, used 16697K [0x0000000080000000, 0x0000000084300000, 0x00000000d5580000)
  object space 68608K, 24% used [0x0000000080000000,0x000000008104e560,0x0000000084300000)
 Metaspace       used 32656K, committed 33728K, reserved 1114112K
  class space    used 3332K, committed 3776K, reserved 1048576K
}
Event: 10.333 GC heap before
{Heap before GC invocations=14 (full 1):
 PSYoungGen      total 23552K, used 19294K [0x00000000d5580000, 0x00000000d7080000, 0x0000000100000000)
  eden space 22016K, 80% used [0x00000000d5580000,0x00000000d66e2408,0x00000000d6b00000)
  from space 1536K, 97% used [0x00000000d6f00000,0x00000000d7075608,0x00000000d7080000)
  to   space 2048K, 0% used [0x00000000d6c80000,0x00000000d6c80000,0x00000000d6e80000)
 ParOldGen       total 68608K, used 16697K [0x0000000080000000, 0x0000000084300000, 0x00000000d5580000)
  object space 68608K, 24% used [0x0000000080000000,0x000000008104e560,0x0000000084300000)
 Metaspace       used 34768K, committed 35840K, reserved 1114112K
  class space    used 3584K, committed 4032K, reserved 1048576K
}
Event: 10.338 GC heap after
{Heap after GC invocations=14 (full 1):
 PSYoungGen      total 23040K, used 768K [0x00000000d5580000, 0x00000000d6f80000, 0x0000000100000000)
  eden space 22016K, 0% used [0x00000000d5580000,0x00000000d5580000,0x00000000d6b00000)
  from space 1024K, 75% used [0x00000000d6c80000,0x00000000d6d40000,0x00000000d6d80000)
  to   space 1536K, 0% used [0x00000000d6e00000,0x00000000d6e00000,0x00000000d6f80000)
 ParOldGen       total 68608K, used 17977K [0x0000000080000000, 0x0000000084300000, 0x00000000d5580000)
  object space 68608K, 26% used [0x0000000080000000,0x000000008118e4d0,0x0000000084300000)
 Metaspace       used 34768K, committed 35840K, reserved 1114112K
  class space    used 3584K, committed 4032K, reserved 1048576K
}
Event: 10.338 GC heap before
{Heap before GC invocations=15 (full 2):
 PSYoungGen      total 23040K, used 768K [0x00000000d5580000, 0x00000000d6f80000, 0x0000000100000000)
  eden space 22016K, 0% used [0x00000000d5580000,0x00000000d5580000,0x00000000d6b00000)
  from space 1024K, 75% used [0x00000000d6c80000,0x00000000d6d40000,0x00000000d6d80000)
  to   space 1536K, 0% used [0x00000000d6e00000,0x00000000d6e00000,0x00000000d6f80000)
 ParOldGen       total 68608K, used 17977K [0x0000000080000000, 0x0000000084300000, 0x00000000d5580000)
  object space 68608K, 26% used [0x0000000080000000,0x000000008118e4d0,0x0000000084300000)
 Metaspace       used 34768K, committed 35840K, reserved 1114112K
  class space    used 3584K, committed 4032K, reserved 1048576K
}
Event: 10.401 GC heap after
{Heap after GC invocations=15 (full 2):
 PSYoungGen      total 23040K, used 0K [0x00000000d5580000, 0x00000000d6f80000, 0x0000000100000000)
  eden space 22016K, 0% used [0x00000000d5580000,0x00000000d5580000,0x00000000d6b00000)
  from space 1024K, 0% used [0x00000000d6c80000,0x00000000d6c80000,0x00000000d6d80000)
  to   space 1536K, 0% used [0x00000000d6e00000,0x00000000d6e00000,0x00000000d6f80000)
 ParOldGen       total 68608K, used 17935K [0x0000000080000000, 0x0000000084300000, 0x00000000d5580000)
  object space 68608K, 26% used [0x0000000080000000,0x0000000081183f70,0x0000000084300000)
 Metaspace       used 34768K, committed 35840K, reserved 1114112K
  class space    used 3584K, committed 4032K, reserved 1048576K
}

Dll operation events (11 events):
Event: 0.022 Loaded shared library D:\ProgramFiles\JDK\jdk-21.0.8+9\bin\java.dll
Event: 0.106 Loaded shared library D:\ProgramFiles\JDK\jdk-21.0.8+9\bin\jsvml.dll
Event: 0.224 Loaded shared library D:\ProgramFiles\JDK\jdk-21.0.8+9\bin\zip.dll
Event: 0.230 Loaded shared library D:\ProgramFiles\JDK\jdk-21.0.8+9\bin\instrument.dll
Event: 0.242 Loaded shared library D:\ProgramFiles\JDK\jdk-21.0.8+9\bin\net.dll
Event: 0.245 Loaded shared library D:\ProgramFiles\JDK\jdk-21.0.8+9\bin\nio.dll
Event: 0.255 Loaded shared library D:\ProgramFiles\JDK\jdk-21.0.8+9\bin\zip.dll
Event: 0.288 Loaded shared library D:\ProgramFiles\JDK\jdk-21.0.8+9\bin\jimage.dll
Event: 0.427 Loaded shared library D:\ProgramFiles\JDK\jdk-21.0.8+9\bin\verify.dll
Event: 2.992 Loaded shared library C:\Users\USER\AppData\Roaming\Code\User\globalStorage\redhat.java\1.49.0\config_win\org.eclipse.equinox.launcher\org.eclipse.equinox.launcher.win32.win32.x86_64_1.2.1400.v20250801-0854\eclipse_11916.dll
Event: 6.078 Loaded shared library C:\Users\USER\AppData\Local\Temp\jna-2614219\jna17341602341397115634.dll

Deoptimization events (20 events):
Event: 9.656 Thread 0x000002a2ff736c70 DEOPT PACKING pc=0x000002a2ecf97520 sp=0x000000f7fe2fd9b0
Event: 9.656 Thread 0x000002a2ff736c70 DEOPT UNPACKING pc=0x000002a2ec996da2 sp=0x000000f7fe2fd920 mode 2
Event: 9.656 Thread 0x000002a2ff736c70 Uncommon trap: trap_request=0xffffffc6 fr.pc=0x000002a2ecf974b0 relative=0x0000000000000a30
Event: 9.656 Thread 0x000002a2ff736c70 Uncommon trap: reason=bimorphic_or_optimized_type_check action=maybe_recompile pc=0x000002a2ecf974b0 method=java.util.HashMap.putVal(ILjava/lang/Object;Ljava/lang/Object;ZZ)Ljava/lang/Object; @ 56 c2
Event: 9.656 Thread 0x000002a2ff736c70 DEOPT PACKING pc=0x000002a2ecf974b0 sp=0x000000f7fe2fd9b0
Event: 9.656 Thread 0x000002a2ff736c70 DEOPT UNPACKING pc=0x000002a2ec996da2 sp=0x000000f7fe2fd918 mode 2
Event: 9.721 Thread 0x000002a2c1710410 DEOPT PACKING pc=0x000002a2e5cdee53 sp=0x000000f7fe7fdfc0
Event: 9.721 Thread 0x000002a2c1710410 DEOPT UNPACKING pc=0x000002a2ec9978e2 sp=0x000000f7fe7fd430 mode 0
Event: 9.994 Thread 0x000002a2ff736c70 DEOPT PACKING pc=0x000002a2e5ccd9dd sp=0x000000f7fe2fbf70
Event: 9.994 Thread 0x000002a2ff736c70 DEOPT UNPACKING pc=0x000002a2ec9978e2 sp=0x000000f7fe2fb438 mode 0
Event: 10.004 Thread 0x000002a2c1710410 DEOPT PACKING pc=0x000002a2e5cf04bb sp=0x000000f7fe7fdf20
Event: 10.004 Thread 0x000002a2c1710410 DEOPT UNPACKING pc=0x000002a2ec9978e2 sp=0x000000f7fe7fd390 mode 0
Event: 10.019 Thread 0x000002a2c1710410 DEOPT PACKING pc=0x000002a2e5cf04bb sp=0x000000f7fe7fdf20
Event: 10.019 Thread 0x000002a2c1710410 DEOPT UNPACKING pc=0x000002a2ec9978e2 sp=0x000000f7fe7fd390 mode 0
Event: 10.039 Thread 0x000002a2c1710410 DEOPT PACKING pc=0x000002a2e5cf04bb sp=0x000000f7fe7fe0f0
Event: 10.039 Thread 0x000002a2c1710410 DEOPT UNPACKING pc=0x000002a2ec9978e2 sp=0x000000f7fe7fd560 mode 0
Event: 10.194 Thread 0x000002a2ff736c70 Uncommon trap: trap_request=0xffffff45 fr.pc=0x000002a2ecf4a5c4 relative=0x0000000000000124
Event: 10.194 Thread 0x000002a2ff736c70 Uncommon trap: reason=unstable_if action=reinterpret pc=0x000002a2ecf4a5c4 method=jdk.internal.org.objectweb.asm.SymbolTable.put(Ljdk/internal/org/objectweb/asm/SymbolTable$Entry;)Ljdk/internal/org/objectweb/asm/SymbolTable$Entry; @ 13 c2
Event: 10.194 Thread 0x000002a2ff736c70 DEOPT PACKING pc=0x000002a2ecf4a5c4 sp=0x000000f7fe2fba50
Event: 10.194 Thread 0x000002a2ff736c70 DEOPT UNPACKING pc=0x000002a2ec996da2 sp=0x000000f7fe2fb9b0 mode 2

Classes loaded (20 events):
Event: 10.249 Loading class sun/reflect/generics/reflectiveObjects/WildcardTypeImpl
Event: 10.249 Loading class sun/reflect/generics/reflectiveObjects/WildcardTypeImpl done
Event: 10.250 Loading class sun/reflect/annotation/AnnotatedTypeFactory$AnnotatedParameterizedTypeImpl
Event: 10.250 Loading class java/lang/reflect/AnnotatedParameterizedType
Event: 10.250 Loading class java/lang/reflect/AnnotatedParameterizedType done
Event: 10.250 Loading class sun/reflect/annotation/AnnotatedTypeFactory$AnnotatedParameterizedTypeImpl done
Event: 10.414 Loading class jdk/internal/reflect/MethodHandleBooleanFieldAccessorImpl
Event: 10.414 Loading class jdk/internal/reflect/MethodHandleBooleanFieldAccessorImpl done
Event: 10.572 Loading class java/io/PrintWriter$1
Event: 10.572 Loading class jdk/internal/access/JavaIOPrintWriterAccess
Event: 10.587 Loading class jdk/internal/access/JavaIOPrintWriterAccess done
Event: 10.592 Loading class java/io/PrintWriter$1 done
Event: 10.612 Loading class sun/util/locale/provider/TimeZoneNameUtility
Event: 10.619 Loading class sun/util/locale/provider/TimeZoneNameUtility done
Event: 10.620 Loading class sun/util/locale/provider/TimeZoneNameUtility$TimeZoneNameGetter
Event: 10.620 Loading class sun/util/locale/provider/TimeZoneNameUtility$TimeZoneNameGetter done
Event: 10.621 Loading class sun/util/cldr/CLDRTimeZoneNameProviderImpl
Event: 10.621 Loading class sun/util/locale/provider/TimeZoneNameProviderImpl
Event: 10.621 Loading class sun/util/locale/provider/TimeZoneNameProviderImpl done
Event: 10.621 Loading class sun/util/cldr/CLDRTimeZoneNameProviderImpl done

Classes unloaded (7 events):
Event: 7.250 Thread 0x000002a2f8c4c790 Unloading class 0x000002a2811ac800 'java/lang/invoke/LambdaForm$MH+0x000002a2811ac800'
Event: 7.250 Thread 0x000002a2f8c4c790 Unloading class 0x000002a2811ac400 'java/lang/invoke/LambdaForm$MH+0x000002a2811ac400'
Event: 7.250 Thread 0x000002a2f8c4c790 Unloading class 0x000002a2811ac000 'java/lang/invoke/LambdaForm$MH+0x000002a2811ac000'
Event: 7.250 Thread 0x000002a2f8c4c790 Unloading class 0x000002a2811abc00 'java/lang/invoke/LambdaForm$MH+0x000002a2811abc00'
Event: 7.250 Thread 0x000002a2f8c4c790 Unloading class 0x000002a2811ab800 'java/lang/invoke/LambdaForm$BMH+0x000002a2811ab800'
Event: 7.250 Thread 0x000002a2f8c4c790 Unloading class 0x000002a2811ab400 'java/lang/invoke/LambdaForm$DMH+0x000002a2811ab400'
Event: 7.250 Thread 0x000002a2f8c4c790 Unloading class 0x000002a2811aa400 'java/lang/invoke/LambdaForm$DMH+0x000002a2811aa400'

Classes redefined (0 events):
No events

Internal exceptions (20 events):
Event: 7.559 Thread 0x000002a2ff736c70 Exception <a 'java/lang/NoSuchMethodError'{0x00000000d5885110}: 'java.lang.Object java.lang.invoke.Invokers$Holder.invoker(java.lang.Object, java.lang.Object, java.lang.Object, java.lang.Object, java.lang.Object, java.lang.Object, java.lang.Object, java.lang.Object, java.lang.Object, java.lang.Object, java.lang.Object, java.lang.Object, java.lang.Object)'> (0x00000000d5885110) 
thrown [s\src\hotspot\share\interpreter\linkResolver.cpp, line 773]
Event: 7.559 Thread 0x000002a2ff736c70 Exception <a 'java/lang/NoSuchMethodError'{0x00000000d588f5a8}: 'java.lang.Object java.lang.invoke.DelegatingMethodHandle$Holder.delegate(java.lang.Object, java.lang.Object, java.lang.Object, java.lang.Object, java.lang.Object, java.lang.Object, java.lang.Object, java.lang.Object, java.lang.Object, java.lang.Object, java.lang.Object, java.lang.Object, java.lang.Object)'> (0x00000000d588f5a8) 
thrown [s\src\hotspot\share\interpreter\linkResolver.cpp, line 773]
Event: 7.584 Thread 0x000002a2ff736c70 Exception <a 'java/lang/NoSuchMethodError'{0x00000000d58f7138}: static Lorg/eclipse/m2e/core/internal/lifecyclemapping/model/PluginExecutionMetadata;.<clinit>()V> (0x00000000d58f7138) 
thrown [s\src\hotspot\share\prims\jni.cpp, line 1111]
Event: 7.655 Thread 0x000002a2ff736c70 Exception <a 'java/lang/NoSuchMethodError'{0x00000000d5957028}: static Lorg/eclipse/m2e/core/internal/lifecyclemapping/model/PluginExecutionFilter;.<clinit>()V> (0x00000000d5957028) 
thrown [s\src\hotspot\share\prims\jni.cpp, line 1111]
Event: 7.670 Thread 0x000002a2ff736c70 Exception <a 'java/lang/NoSuchMethodError'{0x00000000d598d018}: static Lorg/eclipse/m2e/core/internal/project/registry/MavenProjectFacade$MavenProjectConfiguration;.<clinit>()V> (0x00000000d598d018) 
thrown [s\src\hotspot\share\prims\jni.cpp, line 1111]
Event: 7.906 Thread 0x000002a2ff736c70 Exception <a 'java/lang/NoSuchMethodError'{0x00000000d5f0c0f8}: 'double java.lang.invoke.DirectMethodHandle$Holder.invokeStatic(java.lang.Object, java.lang.Object)'> (0x00000000d5f0c0f8) 
thrown [s\src\hotspot\share\interpreter\linkResolver.cpp, line 773]
Event: 7.906 Thread 0x000002a2ff736c70 Exception <a 'java/lang/NoSuchMethodError'{0x00000000d5f0f7b8}: 'double java.lang.invoke.DirectMethodHandle$Holder.invokeStaticInit(java.lang.Object, java.lang.Object)'> (0x00000000d5f0f7b8) 
thrown [s\src\hotspot\share\interpreter\linkResolver.cpp, line 773]
Event: 8.835 Thread 0x000002a2ff736c70 Implicit null exception at 0x000002a2ed0a97f5 to 0x000002a2ed0a9908
Event: 8.850 Thread 0x000002a2c1710410 Exception <a 'java/lang/NoSuchMethodError'{0x00000000d68fd8c8}: 'java.lang.Object java.lang.invoke.DirectMethodHandle$Holder.invokeSpecialIFC(java.lang.Object, java.lang.Object, java.lang.Object, java.lang.Object)'> (0x00000000d68fd8c8) 
thrown [s\src\hotspot\share\interpreter\linkResolver.cpp, line 773]
Event: 9.149 Thread 0x000002a2ff736c70 Exception <a 'java/lang/NoSuchMethodError'{0x00000000d5cd47c0}: 'java.lang.Object java.lang.invoke.DirectMethodHandle$Holder.newInvokeSpecial(java.lang.Object, int, java.lang.Object, java.lang.Object)'> (0x00000000d5cd47c0) 
thrown [s\src\hotspot\share\interpreter\linkResolver.cpp, line 773]
Event: 9.283 Thread 0x000002a2c1710410 Exception <a 'java/lang/NoClassDefFoundError'{0x00000000d6381228}: javax/enterprise/inject/Typed> (0x00000000d6381228) 
thrown [s\src\hotspot\share\classfile\systemDictionary.cpp, line 301]
Event: 9.502 Thread 0x000002a2ff736c70 Exception <a 'java/lang/ClassNotFoundException'{0x00000000d5be6350}: com/sun/org/apache/xerces/internal/impl/msg/spi/DOMMessagesProvider> (0x00000000d5be6350) 
thrown [s\src\hotspot\share\classfile\systemDictionary.cpp, line 312]
Event: 9.506 Thread 0x000002a2ff736c70 Exception <a 'java/lang/ClassNotFoundException'{0x00000000d5bff700}: com/sun/org/apache/xerces/internal/impl/msg/spi/XMLSerializerMessagesProvider> (0x00000000d5bff700) 
thrown [s\src\hotspot\share\classfile\systemDictionary.cpp, line 312]
Event: 9.507 Thread 0x000002a2ff736c70 Exception <a 'java/lang/ClassNotFoundException'{0x00000000d5c148b8}: com/sun/org/apache/xerces/internal/impl/msg/spi/XMLMessagesProvider> (0x00000000d5c148b8) 
thrown [s\src\hotspot\share\classfile\systemDictionary.cpp, line 312]
Event: 9.975 Thread 0x000002a2ff736c70 Exception <a 'java/lang/ClassNotFoundException'{0x00000000d57e3048}: com/sun/org/apache/xml/internal/serializer/spi/XMLEntitiesProvider> (0x00000000d57e3048) 
thrown [s\src\hotspot\share\classfile\systemDictionary.cpp, line 312]
Event: 10.144 Thread 0x000002a2ff736c70 Exception <a 'java/io/FileNotFoundException'{0x00000000d608bb68}> (0x00000000d608bb68) 
thrown [s\src\hotspot\share\prims\jni.cpp, line 520]
Event: 10.203 Thread 0x000002a2ff736c70 Exception <a 'java/lang/UnsatisfiedLinkError'{0x00000000d633fc08}: 找不到指定的程序。
> (0x00000000d633fc08) 
thrown [s\src\hotspot\share\prims\jni.cpp, line 539]
Event: 10.210 Thread 0x000002a2ff736c70 Exception <a 'java/io/FileNotFoundException'{0x00000000d6403318}> (0x00000000d6403318) 
thrown [s\src\hotspot\share\prims\jni.cpp, line 520]
Event: 10.238 Thread 0x000002a2ff736c70 Exception <a 'java/io/FileNotFoundException'{0x00000000d64e3c98}> (0x00000000d64e3c98) 
thrown [s\src\hotspot\share\prims\jni.cpp, line 520]
Event: 10.416 Thread 0x000002a2ff736c70 Exception <a 'java/lang/UnsatisfiedLinkError'{0x00000000d5592d10}: 找不到指定的程序。
> (0x00000000d5592d10) 
thrown [s\src\hotspot\share\prims\jni.cpp, line 539]

ZGC Phase Switch (0 events):
No events

VM Operations (20 events):
Event: 8.299 Executing VM operation: ParallelGCFailedAllocation (Allocation Failure) done
Event: 8.786 Executing VM operation: HandshakeAllThreads (Deoptimize)
Event: 8.786 Executing VM operation: HandshakeAllThreads (Deoptimize) done
Event: 8.893 Executing VM operation: ParallelGCFailedAllocation (Allocation Failure)
Event: 8.900 Executing VM operation: ParallelGCFailedAllocation (Allocation Failure) done
Event: 9.134 Executing VM operation: ParallelGCFailedAllocation (Allocation Failure)
Event: 9.139 Executing VM operation: ParallelGCFailedAllocation (Allocation Failure) done
Event: 9.260 Executing VM operation: HandshakeAllThreads (Deoptimize)
Event: 9.260 Executing VM operation: HandshakeAllThreads (Deoptimize) done
Event: 9.407 Executing VM operation: ParallelGCFailedAllocation (Allocation Failure)
Event: 9.416 Executing VM operation: ParallelGCFailedAllocation (Allocation Failure) done
Event: 9.655 Executing VM operation: HandshakeAllThreads (Deoptimize)
Event: 9.655 Executing VM operation: HandshakeAllThreads (Deoptimize) done
Event: 9.808 Executing VM operation: ParallelGCFailedAllocation (Allocation Failure)
Event: 9.813 Executing VM operation: ParallelGCFailedAllocation (Allocation Failure) done
Event: 10.000 Executing VM operation: HandshakeAllThreads (Deoptimize)
Event: 10.000 Executing VM operation: HandshakeAllThreads (Deoptimize) done
Event: 10.306 Executing VM operation: CollectForMetadataAllocation (Metadata GC Threshold)
Event: 10.401 Executing VM operation: CollectForMetadataAllocation (Metadata GC Threshold) done
Event: 10.613 Executing VM operation: HandshakeAllThreads (Deoptimize)

Memory protections (0 events):
No events

Nmethod flushes (20 events):
Event: 10.363 Thread 0x000002a2f8c4c790 flushing  nmethod 0x000002a2e5a10c10
Event: 10.363 Thread 0x000002a2f8c4c790 flushing  nmethod 0x000002a2e5a11010
Event: 10.363 Thread 0x000002a2f8c4c790 flushing  nmethod 0x000002a2e5a12990
Event: 10.363 Thread 0x000002a2f8c4c790 flushing  nmethod 0x000002a2e5a13b90
Event: 10.363 Thread 0x000002a2f8c4c790 flushing  nmethod 0x000002a2e5a14390
Event: 10.363 Thread 0x000002a2f8c4c790 flushing  nmethod 0x000002a2e5a14b10
Event: 10.363 Thread 0x000002a2f8c4c790 flushing  nmethod 0x000002a2e5a16090
Event: 10.363 Thread 0x000002a2f8c4c790 flushing  nmethod 0x000002a2e5a16590
Event: 10.363 Thread 0x000002a2f8c4c790 flushing  nmethod 0x000002a2e5a17a10
Event: 10.363 Thread 0x000002a2f8c4c790 flushing  nmethod 0x000002a2e5a18290
Event: 10.363 Thread 0x000002a2f8c4c790 flushing  nmethod 0x000002a2e5a22d10
Event: 10.363 Thread 0x000002a2f8c4c790 flushing  nmethod 0x000002a2e5a6ad10
Event: 10.363 Thread 0x000002a2f8c4c790 flushing  nmethod 0x000002a2e5a6b010
Event: 10.363 Thread 0x000002a2f8c4c790 flushing  nmethod 0x000002a2e5aad090
Event: 10.363 Thread 0x000002a2f8c4c790 flushing  nmethod 0x000002a2e5aaf010
Event: 10.363 Thread 0x000002a2f8c4c790 flushing  nmethod 0x000002a2e5ad0510
Event: 10.363 Thread 0x000002a2f8c4c790 flushing  nmethod 0x000002a2e5ae3590
Event: 10.363 Thread 0x000002a2f8c4c790 flushing  nmethod 0x000002a2e5ae3f10
Event: 10.363 Thread 0x000002a2f8c4c790 flushing  nmethod 0x000002a2e5b25c90
Event: 10.363 Thread 0x000002a2f8c4c790 flushing  nmethod 0x000002a2e5b26110

Events (20 events):
Event: 3.817 Thread 0x000002a2ff736c70 Thread added: 0x000002a2c13d4320
Event: 4.273 Thread 0x000002a2c11e3030 Thread exited: 0x000002a2c11e3030
Event: 4.274 Thread 0x000002a2c11f3e80 Thread exited: 0x000002a2c11f3e80
Event: 4.321 Thread 0x000002a2ff736c70 Thread added: 0x000002a2c1237880
Event: 4.514 Thread 0x000002a2f8c74500 Thread added: 0x000002a2c17f0410
Event: 4.514 Thread 0x000002a2f8c74500 Thread added: 0x000002a2c150dc10
Event: 4.894 Thread 0x000002a2ff736c70 Thread added: 0x000002a2c164cdf0
Event: 5.390 Thread 0x000002a2c150dc10 Thread exited: 0x000002a2c150dc10
Event: 5.405 Thread 0x000002a2c17f0410 Thread exited: 0x000002a2c17f0410
Event: 6.132 Thread 0x000002a2ff736c70 Thread added: 0x000002a2c1621920
Event: 6.215 Thread 0x000002a2ff736c70 Thread added: 0x000002a2c170f060
Event: 6.249 Thread 0x000002a2ff736c70 Thread added: 0x000002a2c1710410
Event: 6.388 Thread 0x000002a2f8c9bac0 Thread added: 0x000002a2fa5ca0d0
Event: 7.125 Thread 0x000002a2fa5ca0d0 Thread exited: 0x000002a2fa5ca0d0
Event: 8.190 Thread 0x000002a2f8c9bac0 Thread added: 0x000002a2c23ebb20
Event: 8.413 Thread 0x000002a2c23ebb20 Thread exited: 0x000002a2c23ebb20
Event: 8.831 Thread 0x000002a2f8c9bac0 Thread added: 0x000002a2ff0128b0
Event: 8.990 Thread 0x000002a2c170f060 Thread added: 0x000002a2c17117c0
Event: 9.260 Thread 0x000002a2f8c9bac0 Thread added: 0x000002a2fa8b7460
Event: 9.591 Thread 0x000002a2ff736c70 Thread added: 0x000002a2c17124e0


Dynamic libraries:
0x00007ff703fa0000 - 0x00007ff703fae000 	D:\ProgramFiles\JDK\jdk-21.0.8+9\bin\java.exe
0x00007ff97b810000 - 0x00007ff97ba05000 	C:\Windows\SYSTEM32\ntdll.dll
0x00007ff979860000 - 0x00007ff97991e000 	C:\Windows\System32\KERNEL32.DLL
0x00007ff9790d0000 - 0x00007ff979399000 	C:\Windows\System32\KERNELBASE.dll
0x00007ff9793a0000 - 0x00007ff9794a0000 	C:\Windows\System32\ucrtbase.dll
0x00007ff9065d0000 - 0x00007ff9065e8000 	D:\ProgramFiles\JDK\jdk-21.0.8+9\bin\jli.dll
0x00007ff9799b0000 - 0x00007ff979b51000 	C:\Windows\System32\USER32.dll
0x00007ff9796e0000 - 0x00007ff979702000 	C:\Windows\System32\win32u.dll
0x00007ff979980000 - 0x00007ff9799ab000 	C:\Windows\System32\GDI32.dll
0x00007ff978f30000 - 0x00007ff97903b000 	C:\Windows\System32\gdi32full.dll
0x00007ff8ff7c0000 - 0x00007ff8ff7de000 	D:\ProgramFiles\JDK\jdk-21.0.8+9\bin\VCRUNTIME140.dll
0x00007ff9797c0000 - 0x00007ff97985d000 	C:\Windows\System32\msvcp_win.dll
0x00007ff95e200000 - 0x00007ff95e49a000 	C:\Windows\WinSxS\amd64_microsoft.windows.common-controls_6595b64144ccf1df_6.0.19041.1110_none_60b5254171f9507e\COMCTL32.dll
0x00007ff97acf0000 - 0x00007ff97ad8e000 	C:\Windows\System32\msvcrt.dll
0x00007ff97b5f0000 - 0x00007ff97b620000 	C:\Windows\System32\IMM32.DLL
0x00007ff902430000 - 0x00007ff90243c000 	D:\ProgramFiles\JDK\jdk-21.0.8+9\bin\vcruntime140_1.dll
0x00007ff8ff730000 - 0x00007ff8ff7b9000 	D:\ProgramFiles\JDK\jdk-21.0.8+9\bin\msvcp140.dll
0x00007ff8fbc70000 - 0x00007ff8fca1c000 	D:\ProgramFiles\JDK\jdk-21.0.8+9\bin\server\jvm.dll
0x00007ff97a110000 - 0x00007ff97a1bc000 	C:\Windows\System32\ADVAPI32.dll
0x00007ff97aa90000 - 0x00007ff97ab2b000 	C:\Windows\System32\sechost.dll
0x00007ff97a960000 - 0x00007ff97aa8a000 	C:\Windows\System32\RPCRT4.dll
0x00007ff97ac00000 - 0x00007ff97ac6b000 	C:\Windows\System32\WS2_32.dll
0x00007ff978cf0000 - 0x00007ff978d3b000 	C:\Windows\SYSTEM32\POWRPROF.dll
0x00007ff95e4d0000 - 0x00007ff95e4f7000 	C:\Windows\SYSTEM32\WINMM.dll
0x00007ff96e580000 - 0x00007ff96e58a000 	C:\Windows\SYSTEM32\VERSION.dll
0x00007ff978b00000 - 0x00007ff978b12000 	C:\Windows\SYSTEM32\UMPDC.dll
0x00007ff976e80000 - 0x00007ff976e92000 	C:\Windows\SYSTEM32\kernel.appcore.dll
0x00007ff8ff720000 - 0x00007ff8ff72a000 	D:\ProgramFiles\JDK\jdk-21.0.8+9\bin\jimage.dll
0x00007ff976530000 - 0x00007ff976714000 	C:\Windows\SYSTEM32\DBGHELP.DLL
0x00007ff95abe0000 - 0x00007ff95ac0c000 	C:\Windows\SYSTEM32\dbgcore.DLL
0x00007ff9794f0000 - 0x00007ff979573000 	C:\Windows\System32\bcryptPrimitives.dll
0x00007ff8ff710000 - 0x00007ff8ff720000 	D:\ProgramFiles\JDK\jdk-21.0.8+9\bin\instrument.dll
0x00007ff8ff6e0000 - 0x00007ff8ff701000 	D:\ProgramFiles\JDK\jdk-21.0.8+9\bin\java.dll
0x00007ff97ad90000 - 0x00007ff97b4cf000 	C:\Windows\System32\SHELL32.dll
0x00007ff977030000 - 0x00007ff9777c0000 	C:\Windows\SYSTEM32\windows.storage.dll
0x00007ff979b90000 - 0x00007ff979ee5000 	C:\Windows\System32\combase.dll
0x00007ff978910000 - 0x00007ff97893c000 	C:\Windows\SYSTEM32\Wldp.dll
0x00007ff97a850000 - 0x00007ff97a8fd000 	C:\Windows\System32\SHCORE.dll
0x00007ff979920000 - 0x00007ff979975000 	C:\Windows\System32\shlwapi.dll
0x00007ff978e70000 - 0x00007ff978e8f000 	C:\Windows\SYSTEM32\profapi.dll
0x00007ff8ff1d0000 - 0x00007ff8ff2a6000 	D:\ProgramFiles\JDK\jdk-21.0.8+9\bin\jsvml.dll
0x00007ff8ff1b0000 - 0x00007ff8ff1c8000 	D:\ProgramFiles\JDK\jdk-21.0.8+9\bin\zip.dll
0x00007ff8ff190000 - 0x00007ff8ff1a1000 	D:\ProgramFiles\JDK\jdk-21.0.8+9\bin\net.dll
0x00007ff970390000 - 0x00007ff970498000 	C:\Windows\SYSTEM32\WINHTTP.dll
0x00007ff978670000 - 0x00007ff9786da000 	C:\Windows\system32\mswsock.dll
0x00007ff8ff0e0000 - 0x00007ff8ff0f6000 	D:\ProgramFiles\JDK\jdk-21.0.8+9\bin\nio.dll
0x00007ff8ff6d0000 - 0x00007ff8ff6e0000 	D:\ProgramFiles\JDK\jdk-21.0.8+9\bin\verify.dll
0x00007ff974420000 - 0x00007ff974464000 	C:\Users\USER\AppData\Roaming\Code\User\globalStorage\redhat.java\1.49.0\config_win\org.eclipse.equinox.launcher\org.eclipse.equinox.launcher.win32.win32.x86_64_1.2.1400.v20250801-0854\eclipse_11916.dll
0x00007ff979fd0000 - 0x00007ff97a0fa000 	C:\Windows\System32\ole32.dll
0x00007ff978860000 - 0x00007ff978878000 	C:\Windows\SYSTEM32\CRYPTSP.dll
0x00007ff977f90000 - 0x00007ff977fc4000 	C:\Windows\system32\rsaenh.dll
0x00007ff979040000 - 0x00007ff979067000 	C:\Windows\System32\bcrypt.dll
0x00007ff978df0000 - 0x00007ff978e1e000 	C:\Windows\SYSTEM32\USERENV.dll
0x00007ff978880000 - 0x00007ff97888c000 	C:\Windows\SYSTEM32\CRYPTBASE.dll
0x00007ff978360000 - 0x00007ff97839b000 	C:\Windows\SYSTEM32\IPHLPAPI.DLL
0x00007ff97a100000 - 0x00007ff97a108000 	C:\Windows\System32\NSI.dll
0x00007ff9070c0000 - 0x00007ff907109000 	C:\Users\USER\AppData\Local\Temp\jna-2614219\jna17341602341397115634.dll
0x00007ff97b580000 - 0x00007ff97b588000 	C:\Windows\System32\PSAPI.DLL
0x00007ff96e620000 - 0x00007ff96e637000 	C:\Windows\SYSTEM32\dhcpcsvc6.DLL
0x00007ff96e8c0000 - 0x00007ff96e8dd000 	C:\Windows\SYSTEM32\dhcpcsvc.DLL

JVMTI agents:
c:\Users\USER\.vscode\extensions\redhat.java-1.49.0-win32-x64\lombok\lombok-1.18.39-4050.jar path:D:\ProgramFiles\JDK\jdk-21.0.8+9\bin\instrument.dll, loaded, initialized, instrumentlib options:none

dbghelp: loaded successfully - version: 4.0.5 - missing functions: none
symbol engine: initialized successfully - sym options: 0x614 - pdb path: .;D:\ProgramFiles\JDK\jdk-21.0.8+9\bin;C:\Windows\SYSTEM32;C:\Windows\WinSxS\amd64_microsoft.windows.common-controls_6595b64144ccf1df_6.0.19041.1110_none_60b5254171f9507e;D:\ProgramFiles\JDK\jdk-21.0.8+9\bin\server;C:\Users\USER\AppData\Roaming\Code\User\globalStorage\redhat.java\1.49.0\config_win\org.eclipse.equinox.launcher\org.eclipse.equinox.launcher.win32.win32.x86_64_1.2.1400.v20250801-0854;C:\Users\USER\AppData\Local\Temp\jna-2614219

VM Arguments:
jvm_args: --add-modules=ALL-SYSTEM --add-opens=java.base/java.util=ALL-UNNAMED --add-opens=java.base/java.lang=ALL-UNNAMED --add-opens=java.base/sun.nio.fs=ALL-UNNAMED -Declipse.application=org.eclipse.jdt.ls.core.id1 -Dosgi.bundles.defaultStartLevel=4 -Declipse.product=org.eclipse.jdt.ls.core.product -Djava.import.generatesMetadataFilesAtProjectRoot=false -DDetectVMInstallationsJob.disabled=true -Dfile.encoding=utf8 -XX:+UseParallelGC -XX:GCTimeRatio=4 -XX:AdaptiveSizePolicyWeight=90 -Dsun.zip.disableMemoryMapping=true -Xmx2G -Xms100m -Xlog:disable -javaagent:c:\Users\USER\.vscode\extensions\redhat.java-1.49.0-win32-x64\lombok\lombok-1.18.39-4050.jar -XX:+HeapDumpOnOutOfMemoryError -XX:HeapDumpPath=c:\Users\USER\AppData\Roaming\Code\User\workspaceStorage\2632f9874b1e24146316af565cb1f3cb\redhat.java -Daether.dependencyCollector.impl=bf 
java_command: c:\Users\USER\.vscode\extensions\redhat.java-1.49.0-win32-x64\server\plugins\org.eclipse.equinox.launcher_1.7.100.v20251111-0406.jar -configuration c:\Users\USER\AppData\Roaming\Code\User\globalStorage\redhat.java\1.49.0\config_win -data c:\Users\USER\AppData\Roaming\Code\User\workspaceStorage\2632f9874b1e24146316af565cb1f3cb\redhat.java\jdt_ws --pipe=\\.\pipe\lsp-e117511ccb035df35623799f169c543a-sock
java_class_path (initial): c:\Users\USER\.vscode\extensions\redhat.java-1.49.0-win32-x64\server\plugins\org.eclipse.equinox.launcher_1.7.100.v20251111-0406.jar
Launcher Type: SUN_STANDARD

[Global flags]
    uintx AdaptiveSizePolicyWeight                 = 90                                        {product} {command line}
     intx CICompilerCount                          = 4                                         {product} {ergonomic}
    uintx GCTimeRatio                              = 4                                         {product} {command line}
     bool HeapDumpOnOutOfMemoryError               = true                                   {manageable} {command line}
    ccstr HeapDumpPath                             = c:\Users\USER\AppData\Roaming\Code\User\workspaceStorage\2632f9874b1e24146316af565cb1f3cb\redhat.java         {manageable} {command line}
   size_t InitialHeapSize                          = 104857600                                 {product} {command line}
   size_t MaxHeapSize                              = 2147483648                                {product} {command line}
   size_t MaxNewSize                               = 715653120                                 {product} {ergonomic}
   size_t MinHeapDeltaBytes                        = 524288                                    {product} {ergonomic}
   size_t MinHeapSize                              = 104857600                                 {product} {command line}
   size_t NewSize                                  = 34603008                                  {product} {ergonomic}
    uintx NonNMethodCodeHeapSize                   = 5839372                                {pd product} {ergonomic}
    uintx NonProfiledCodeHeapSize                  = 122909434                              {pd product} {ergonomic}
   size_t OldSize                                  = 70254592                                  {product} {ergonomic}
    uintx ProfiledCodeHeapSize                     = 122909434                              {pd product} {ergonomic}
    uintx ReservedCodeCacheSize                    = 251658240                              {pd product} {ergonomic}
     bool SegmentedCodeCache                       = true                                      {product} {ergonomic}
   size_t SoftMaxHeapSize                          = 2147483648                             {manageable} {ergonomic}
     bool UseCompressedOops                        = true                           {product lp64_product} {ergonomic}
     bool UseLargePagesIndividualAllocation        = false                                  {pd product} {ergonomic}
     bool UseParallelGC                            = true                                      {product} {command line}

Logging:
Log output configuration:
 #0: stdout all=off uptime,level,tags foldmultilines=false
 #1: stderr all=off uptime,level,tags foldmultilines=false

Environment Variables:
JAVA_HOME=D:\ProgramFiles\JDK\jdk-21.0.8+9
PATH=D:\ProgramFiles\JDK\jdk-21.0.8+9\bin;D:\ProgramFiles\apache-tomcat\apache-tomcat-10.1.43\bin;D:\ProgramFiles\apache-maven\apache-maven-3.9.11\bin;C:\Program Files\Common Files\Oracle\Java\javapath;C:\Program Files (x86)\Common Files\Oracle\Java\java8path;C:\Program Files (x86)\Common Files\Oracle\Java\javapath;C:\Python312\Scripts\;C:\Python312\;C:\Windows\system32;C:\Windows;C:\Windows\System32\Wbem;C:\Windows\System32\WindowsPowerShell\v1.0\;C:\Windows\System32\OpenSSH\;C:\Program Files (x86)\NVIDIA Corporation\PhysX\Common;C:\Program Files\NVIDIA Corporation\NVIDIA NvDLISR;C:\Program Files\;C:\ProgramData\chocolatey\bin;C:\Users\USER\AppData\Roaming\nvm;C:\Program Files\nodejs;D:\ProgramFiles\Git\cmd;C:\Program Files (x86)\Microsoft SQL Server\160\Tools\Binn\;C:\Program Files\Microsoft SQL Server\160\Tools\Binn\;C:\Program Files\Microsoft SQL Server\Client SDK\ODBC\170\Tools\Binn\;C:\Program Files\Microsoft SQL Server\160\DTS\Binn\;C:\Program Files (x86)\Microsoft SQL Server\160\DTS\Binn\;C:\Users\USER\AppData\Local\Microsoft\WindowsApps;C:\Microsoft VS Code\bin;C:\Users\USER\AppData\Roaming\npm;C:\Users\USER\AppData\Roaming\nvm;C:\Program Files\nodejs;D:\ProgramFiles\IntelliJ IDEA\IntelliJ IDEA 2025.1\bin;;D:\ProgramFiles\IntelliJ IDEA\IntelliJ IDEA Community Edition 2025.1.1.1\bin;
USERNAME=USER
OS=Windows_NT
PROCESSOR_IDENTIFIER=Intel64 Family 6 Model 140 Stepping 1, GenuineIntel
TMP=C:\Users\USER\AppData\Local\Temp
TEMP=C:\Users\USER\AppData\Local\Temp




Periodic native trim disabled

---------------  S Y S T E M  ---------------

OS:
 Windows 10 , 64 bit Build 19041 (10.0.19041.1202)
OS uptime: 0 days 0:56 hours

CPU: total 8 (initial active 8) (4 cores per cpu, 2 threads per core) family 6 model 140 stepping 1 microcode 0x8a, cx8, cmov, fxsr, ht, mmx, 3dnowpref, sse, sse2, sse3, ssse3, sse4.1, sse4.2, popcnt, lzcnt, tsc, tscinvbit, avx, avx2, aes, erms, clmul, bmi1, bmi2, adx, avx512f, avx512dq, avx512cd, avx512bw, avx512vl, sha, fma, vzeroupper, avx512_vpopcntdq, avx512_vpclmulqdq, avx512_vaes, avx512_vnni, clflush, clflushopt, clwb, avx512_vbmi2, avx512_vbmi, rdtscp, rdpid, fsrm, gfni, avx512_bitalg, f16c, pku, cet_ibt, cet_ss, avx512_ifma
Processor Information for the first 8 processors :
  Max Mhz: 2419, Current Mhz: 2419, Mhz Limit: 2419

Memory: 4k page, system-wide physical 16163M (887M free)
TotalPageFile size 18211M (AvailPageFile size 6M)
current process WorkingSet (physical memory assigned to process): 199M, peak: 204M
current process commit charge ("private bytes"): 328M, peak: 334M

vm_info: OpenJDK 64-Bit Server VM (21.0.8+9-LTS) for windows-amd64 JRE (21.0.8+9-LTS), built on 2025-07-10T20:22:44Z by "MicrosoftCorporation" with unknown MS VC++:1944

END.
